ARM Linker, 5.03 [Build 76] [MDK-ARM Professional]

==============================================================================

Section Cross References

    event_groups.o(i.vEventGroupClearBitsCallback) refers to event_groups.o(i.xEventGroupClearBits) for xEventGroupClearBits
    event_groups.o(i.vEventGroupDelete) refers to tasks.o(i.vTaskSuspendAll) for vTaskSuspendAll
    event_groups.o(i.vEventGroupDelete) refers to port.o(.emb_text) for ulPortSetInterruptMask
    event_groups.o(i.vEventGroupDelete) refers to tasks.o(i.xTaskRemoveFromUnorderedEventList) for xTaskRemoveFromUnorderedEventList
    event_groups.o(i.vEventGroupDelete) refers to heap_4.o(i.vPortFree) for vPortFree
    event_groups.o(i.vEventGroupDelete) refers to tasks.o(i.xTaskResumeAll) for xTaskResumeAll
    event_groups.o(i.vEventGroupSetBitsCallback) refers to event_groups.o(i.xEventGroupSetBits) for xEventGroupSetBits
    event_groups.o(i.xEventGroupClearBits) refers to port.o(.emb_text) for ulPortSetInterruptMask
    event_groups.o(i.xEventGroupClearBits) refers to port.o(i.vPortEnterCritical) for vPortEnterCritical
    event_groups.o(i.xEventGroupClearBits) refers to port.o(i.vPortExitCritical) for vPortExitCritical
    event_groups.o(i.xEventGroupCreate) refers to heap_4.o(i.pvPortMalloc) for pvPortMalloc
    event_groups.o(i.xEventGroupCreate) refers to list.o(i.vListInitialise) for vListInitialise
    event_groups.o(i.xEventGroupGetBitsFromISR) refers to port.o(.emb_text) for ulPortSetInterruptMask
    event_groups.o(i.xEventGroupSetBits) refers to port.o(.emb_text) for ulPortSetInterruptMask
    event_groups.o(i.xEventGroupSetBits) refers to tasks.o(i.vTaskSuspendAll) for vTaskSuspendAll
    event_groups.o(i.xEventGroupSetBits) refers to tasks.o(i.xTaskRemoveFromUnorderedEventList) for xTaskRemoveFromUnorderedEventList
    event_groups.o(i.xEventGroupSetBits) refers to tasks.o(i.xTaskResumeAll) for xTaskResumeAll
    event_groups.o(i.xEventGroupSync) refers to port.o(.emb_text) for ulPortSetInterruptMask
    event_groups.o(i.xEventGroupSync) refers to tasks.o(i.xTaskGetSchedulerState) for xTaskGetSchedulerState
    event_groups.o(i.xEventGroupSync) refers to tasks.o(i.vTaskSuspendAll) for vTaskSuspendAll
    event_groups.o(i.xEventGroupSync) refers to event_groups.o(i.xEventGroupSetBits) for xEventGroupSetBits
    event_groups.o(i.xEventGroupSync) refers to tasks.o(i.vTaskPlaceOnUnorderedEventList) for vTaskPlaceOnUnorderedEventList
    event_groups.o(i.xEventGroupSync) refers to tasks.o(i.xTaskResumeAll) for xTaskResumeAll
    event_groups.o(i.xEventGroupSync) refers to port.o(i.vPortYield) for vPortYield
    event_groups.o(i.xEventGroupSync) refers to tasks.o(i.uxTaskResetEventItemValue) for uxTaskResetEventItemValue
    event_groups.o(i.xEventGroupSync) refers to port.o(i.vPortEnterCritical) for vPortEnterCritical
    event_groups.o(i.xEventGroupSync) refers to port.o(i.vPortExitCritical) for vPortExitCritical
    event_groups.o(i.xEventGroupWaitBits) refers to port.o(.emb_text) for ulPortSetInterruptMask
    event_groups.o(i.xEventGroupWaitBits) refers to tasks.o(i.xTaskGetSchedulerState) for xTaskGetSchedulerState
    event_groups.o(i.xEventGroupWaitBits) refers to tasks.o(i.vTaskSuspendAll) for vTaskSuspendAll
    event_groups.o(i.xEventGroupWaitBits) refers to event_groups.o(i.prvTestWaitCondition) for prvTestWaitCondition
    event_groups.o(i.xEventGroupWaitBits) refers to tasks.o(i.vTaskPlaceOnUnorderedEventList) for vTaskPlaceOnUnorderedEventList
    event_groups.o(i.xEventGroupWaitBits) refers to tasks.o(i.xTaskResumeAll) for xTaskResumeAll
    event_groups.o(i.xEventGroupWaitBits) refers to port.o(i.vPortYield) for vPortYield
    event_groups.o(i.xEventGroupWaitBits) refers to tasks.o(i.uxTaskResetEventItemValue) for uxTaskResetEventItemValue
    event_groups.o(i.xEventGroupWaitBits) refers to port.o(i.vPortEnterCritical) for vPortEnterCritical
    event_groups.o(i.xEventGroupWaitBits) refers to port.o(i.vPortExitCritical) for vPortExitCritical
    port.o(.emb_text) refers to tasks.o(i.vTaskSwitchContext) for vTaskSwitchContext
    port.o(.emb_text) refers to tasks.o(.data) for pxCurrentTCB
    port.o(i.prvTaskExitError) refers to port.o(.emb_text) for ulPortSetInterruptMask
    port.o(i.prvTaskExitError) refers to port.o(.data) for .data
    port.o(i.pxPortInitialiseStack) refers to port.o(i.prvTaskExitError) for prvTaskExitError
    port.o(i.vPortEndScheduler) refers to port.o(.emb_text) for ulPortSetInterruptMask
    port.o(i.vPortEndScheduler) refers to port.o(.data) for .data
    port.o(i.vPortEnterCritical) refers to port.o(.emb_text) for ulPortSetInterruptMask
    port.o(i.vPortEnterCritical) refers to port.o(.data) for .data
    port.o(i.vPortExitCritical) refers to port.o(.emb_text) for vPortClearInterruptMask
    port.o(i.vPortExitCritical) refers to port.o(.data) for .data
    port.o(i.vPortSetupTimerInterrupt) refers to system_stm32f1xx.o(.data) for SystemCoreClock
[...]
    Removing stm32f1xx_hal_spi.o(i.HAL_SPI_TxHalfCpltCallback), (2 bytes).
    Removing stm32f1xx_hal_spi.o(i.HAL_SPI_TxRxCpltCallback), (2 bytes).
    Removing stm32f1xx_hal_spi.o(i.HAL_SPI_TxRxHalfCpltCallback), (2 bytes).
    Removing stm32f1xx_hal_spi.o(i.SPI_2LinesRxISR), (44 bytes).
    Removing stm32f1xx_hal_spi.o(i.SPI_DMAError), (30 bytes).
    Removing stm32f1xx_hal_spi.o(i.SPI_DMAHalfReceiveCplt), (10 bytes).
    Removing stm32f1xx_hal_spi.o(i.SPI_DMAHalfTransmitCplt), (10 bytes).
    Removing stm32f1xx_hal_spi.o(i.SPI_DMAHalfTransmitReceiveCplt), (10 bytes).
    Removing stm32f1xx_hal_spi.o(i.SPI_DMAReceiveCplt), (218 bytes).
    Removing stm32f1xx_hal_spi.o(i.SPI_DMATransmitCplt), (108 bytes).
    Removing stm32f1xx_hal_spi.o(i.SPI_DMATransmitReceiveCplt), (190 bytes).
    Removing stm32f1xx_hal_spi.o(i.SPI_ISCRCErrorValid), (4 bytes).
    Removing stm32f1xx_hal_spi.o(i.SPI_RxCloseIRQHandler), (246 bytes).
    Removing stm32f1xx_hal_spi.o(i.SPI_RxISR), (70 bytes).
    Removing stm32f1xx_hal_spi.o(i.SPI_TxCloseIRQHandler), (130 bytes).
    Removing stm32f1xx_hal_spi.o(i.SPI_TxISR), (66 bytes).
    Removing stm32f1xx_hal_spi.o(i.SPI_WaitOnFlagUntilTimeout), (158 bytes).
    Removing stm32f1xx_hal_uart.o(.rev16_text), (4 bytes).
    Removing stm32f1xx_hal_uart.o(.revsh_text), (4 bytes).
    Removing stm32f1xx_hal_uart.o(.rrx_text), (6 bytes).
    Removing stm32f1xx_hal_uart.o(i.HAL_HalfDuplex_EnableReceiver), (46 bytes).
    Removing stm32f1xx_hal_uart.o(i.HAL_HalfDuplex_EnableTransmitter), (48 bytes).
    Removing stm32f1xx_hal_uart.o(i.HAL_HalfDuplex_Init), (100 bytes).
    Removing stm32f1xx_hal_uart.o(i.HAL_LIN_Init), (114 bytes).
    Removing stm32f1xx_hal_uart.o(i.HAL_LIN_SendBreak), (44 bytes).
    Removing stm32f1xx_hal_uart.o(i.HAL_MultiProcessor_EnterMuteMode), (44 bytes).
    Removing stm32f1xx_hal_uart.o(i.HAL_MultiProcessor_ExitMuteMode), (44 bytes).
    Removing stm32f1xx_hal_uart.o(i.HAL_MultiProcessor_Init), (118 bytes).
    Removing stm32f1xx_hal_uart.o(i.HAL_UART_DMAPause), (90 bytes).
    Removing stm32f1xx_hal_uart.o(i.HAL_UART_DMAResume), (104 bytes).
    Removing stm32f1xx_hal_uart.o(i.HAL_UART_DMAStop), (40 bytes).
    Removing stm32f1xx_hal_uart.o(i.HAL_UART_DeInit), (58 bytes).
    Removing stm32f1xx_hal_uart.o(i.HAL_UART_ErrorCallback), (2 bytes).
    Removing stm32f1xx_hal_uart.o(i.HAL_UART_GetError), (4 bytes).
    Removing stm32f1xx_hal_uart.o(i.HAL_UART_GetState), (6 bytes).
    Removing stm32f1xx_hal_uart.o(i.HAL_UART_IRQHandler), (242 bytes).
    Removing stm32f1xx_hal_uart.o(i.HAL_UART_MspDeInit), (2 bytes).
    Removing stm32f1xx_hal_uart.o(i.HAL_UART_MspInit), (2 bytes).
    Removing stm32f1xx_hal_uart.o(i.HAL_UART_Receive), (204 bytes).
    Removing stm32f1xx_hal_uart.o(i.HAL_UART_Receive_DMA), (136 bytes).
    Removing stm32f1xx_hal_uart.o(i.HAL_UART_Receive_IT), (106 bytes).
    Removing stm32f1xx_hal_uart.o(i.HAL_UART_RxCpltCallback), (2 bytes).
    Removing stm32f1xx_hal_uart.o(i.HAL_UART_RxHalfCpltCallback), (2 bytes).
    Removing stm32f1xx_hal_uart.o(i.HAL_UART_Transmit), (204 bytes).
    Removing stm32f1xx_hal_uart.o(i.HAL_UART_Transmit_DMA), (144 bytes).
    Removing stm32f1xx_hal_uart.o(i.HAL_UART_Transmit_IT), (96 bytes).
    Removing stm32f1xx_hal_uart.o(i.HAL_UART_TxCpltCallback), (2 bytes).
    Removing stm32f1xx_hal_uart.o(i.HAL_UART_TxHalfCpltCallback), (2 bytes).
    Removing stm32f1xx_hal_uart.o(i.UART_DMAError), (30 bytes).
    Removing stm32f1xx_hal_uart.o(i.UART_DMAReceiveCplt), (54 bytes).
    Removing stm32f1xx_hal_uart.o(i.UART_DMARxHalfCplt), (10 bytes).
    Removing stm32f1xx_hal_uart.o(i.UART_DMATransmitCplt), (46 bytes).
    Removing stm32f1xx_hal_uart.o(i.UART_DMATxHalfCplt), (10 bytes).
    Removing stm32f1xx_hal_uart.o(i.UART_Receive_IT), (168 bytes).
    Removing stm32f1xx_hal_uart.o(i.UART_Transmit_IT), (102 bytes).
    Removing stm32f1xx_hal_uart.o(i.UART_WaitOnFlagUntilTimeout), (146 bytes).
    Removing stm32f1xx_hal_iwdg.o(.rev16_text), (4 bytes).
    Removing stm32f1xx_hal_iwdg.o(.revsh_text), (4 bytes).
    Removing stm32f1xx_hal_iwdg.o(.rrx_text), (6 bytes).
    Removing stm32f1xx_hal_iwdg.o(i.HAL_IWDG_GetState), (4 bytes).
    Removing stm32f1xx_hal_iwdg.o(i.HAL_IWDG_MspInit), (2 bytes).
    Removing stm32f1xx_hal_iwdg.o(i.HAL_IWDG_Refresh), (84 bytes).
    Removing stm32f1xx_hal_iwdg.o(i.HAL_IWDG_Start), (42 bytes).
    Removing stm32f1xx_hal_i2c.o(.rev16_text), (4 bytes).
    Removing stm32f1xx_hal_i2c.o(.revsh_text), (4 bytes).
    Removing stm32f1xx_hal_i2c.o(.rrx_text), (6 bytes).
    Removing stm32f1xx_hal_i2c.o(i.HAL_I2C_DeInit), (44 bytes).
    Removing stm32f1xx_hal_i2c.o(i.HAL_I2C_ER_IRQHandler), (272 bytes).
    Removing stm32f1xx_hal_i2c.o(i.HAL_I2C_EV_IRQHandler), (408 bytes).
    Removing stm32f1xx_hal_i2c.o(i.HAL_I2C_ErrorCallback), (2 bytes).
    Removing stm32f1xx_hal_i2c.o(i.HAL_I2C_GetError), (4 bytes).
    Removing stm32f1xx_hal_i2c.o(i.HAL_I2C_GetState), (6 bytes).
    Removing stm32f1xx_hal_i2c.o(i.HAL_I2C_IsDeviceReady), (296 bytes).
    Removing stm32f1xx_hal_i2c.o(i.HAL_I2C_MasterRxCpltCallback), (2 bytes).
    Removing stm32f1xx_hal_i2c.o(i.HAL_I2C_MasterTxCpltCallback), (2 bytes).
    Removing stm32f1xx_hal_i2c.o(i.HAL_I2C_Master_Receive), (480 bytes).
    Removing stm32f1xx_hal_i2c.o(i.HAL_I2C_Master_Receive_DMA), (176 bytes).
    Removing stm32f1xx_hal_i2c.o(i.HAL_I2C_Master_Receive_IT), (182 bytes).
    Removing stm32f1xx_hal_i2c.o(i.HAL_I2C_Master_Transmit), (224 bytes).
    Removing stm32f1xx_hal_i2c.o(i.HAL_I2C_Master_Transmit_DMA), (152 bytes).
    Removing stm32f1xx_hal_i2c.o(i.HAL_I2C_Master_Transmit_IT), (112 bytes).
    Removing stm32f1xx_hal_i2c.o(i.HAL_I2C_MemRxCpltCallback), (2 bytes).
    Removing stm32f1xx_hal_i2c.o(i.HAL_I2C_MemTxCpltCallback), (2 bytes).
    Removing stm32f1xx_hal_i2c.o(i.HAL_I2C_Mem_Read), (444 bytes).
    Removing stm32f1xx_hal_i2c.o(i.HAL_I2C_Mem_Read_DMA), (196 bytes).
    Removing stm32f1xx_hal_i2c.o(i.HAL_I2C_Mem_Read_IT), (186 bytes).
    Removing stm32f1xx_hal_i2c.o(i.HAL_I2C_Mem_Write), (216 bytes).
    Removing stm32f1xx_hal_i2c.o(i.HAL_I2C_Mem_Write_DMA), (160 bytes).
    Removing stm32f1xx_hal_i2c.o(i.HAL_I2C_Mem_Write_IT), (112 bytes).
    Removing stm32f1xx_hal_i2c.o(i.HAL_I2C_MspDeInit), (2 bytes).
    Removing stm32f1xx_hal_i2c.o(i.HAL_I2C_MspInit), (2 bytes).
    Removing stm32f1xx_hal_i2c.o(i.HAL_I2C_SlaveRxCpltCallback), (2 bytes).
    Removing stm32f1xx_hal_i2c.o(i.HAL_I2C_SlaveTxCpltCallback), (2 bytes).
    Removing stm32f1xx_hal_i2c.o(i.HAL_I2C_Slave_Receive), (248 bytes).
    Removing stm32f1xx_hal_i2c.o(i.HAL_I2C_Slave_Receive_DMA), (164 bytes).
    Removing stm32f1xx_hal_i2c.o(i.HAL_I2C_Slave_Receive_IT), (86 bytes).
    Removing stm32f1xx_hal_i2c.o(i.HAL_I2C_Slave_Transmit), (280 bytes).
    Removing stm32f1xx_hal_i2c.o(i.HAL_I2C_Slave_Transmit_DMA), (200 bytes).
    Removing stm32f1xx_hal_i2c.o(i.HAL_I2C_Slave_Transmit_IT), (86 bytes).
    Removing stm32f1xx_hal_i2c.o(i.I2C_DMAError), (38 bytes).
    Removing stm32f1xx_hal_i2c.o(i.I2C_DMAMasterReceiveCplt), (100 bytes).
    Removing stm32f1xx_hal_i2c.o(i.I2C_DMAMasterTransmitCplt), (108 bytes).
    Removing stm32f1xx_hal_i2c.o(i.I2C_DMAMemReceiveCplt), (100 bytes).
    Removing stm32f1xx_hal_i2c.o(i.I2C_DMAMemTransmitCplt), (108 bytes).
    Removing stm32f1xx_hal_i2c.o(i.I2C_DMASlaveReceiveCplt), (120 bytes).
    Removing stm32f1xx_hal_i2c.o(i.I2C_DMASlaveTransmitCplt), (116 bytes).
    Removing stm32f1xx_hal_i2c.o(i.I2C_MasterReceive_BTF), (164 bytes).
    Removing stm32f1xx_hal_i2c.o(i.I2C_MasterReceive_RXNE), (136 bytes).
    Removing stm32f1xx_hal_i2c.o(i.I2C_MasterRequestRead), (186 bytes).
    Removing stm32f1xx_hal_i2c.o(i.I2C_MasterRequestWrite), (116 bytes).
    Removing stm32f1xx_hal_i2c.o(i.I2C_MasterTransmit_BTF), (100 bytes).
    Removing stm32f1xx_hal_i2c.o(i.I2C_RequestMemoryRead), (224 bytes).
    Removing stm32f1xx_hal_i2c.o(i.I2C_RequestMemoryWrite), (144 bytes).
    Removing stm32f1xx_hal_i2c.o(i.I2C_WaitOnFlagUntilTimeout), (138 bytes).
    Removing stm32f1xx_hal_i2c.o(i.I2C_WaitOnMasterAddressFlagUntilTimeout), (136 bytes).
    Removing stm32f1xx_hal_flash.o(.rev16_text), (4 bytes).
    Removing stm32f1xx_hal_flash.o(.revsh_text), (4 bytes).
    Removing stm32f1xx_hal_flash.o(.rrx_text), (6 bytes).
    Removing stm32f1xx_hal_flash.o(i.FLASH_WaitForLastOperation), (80 bytes).
    Removing stm32f1xx_hal_flash.o(i.HAL_FLASH_EndOfOperationCallback), (2 bytes).
    Removing stm32f1xx_hal_flash.o(i.HAL_FLASH_GetError), (12 bytes).
    Removing stm32f1xx_hal_flash.o(i.HAL_FLASH_IRQHandler), (252 bytes).
    Removing stm32f1xx_hal_flash.o(i.HAL_FLASH_Lock), (20 bytes).
    Removing stm32f1xx_hal_flash.o(i.HAL_FLASH_OB_Launch), (10 bytes).
    Removing stm32f1xx_hal_flash.o(i.HAL_FLASH_OB_Lock), (20 bytes).
    Removing stm32f1xx_hal_flash.o(i.HAL_FLASH_OB_Unlock), (36 bytes).
    Removing stm32f1xx_hal_flash.o(i.HAL_FLASH_OperationErrorCallback), (2 bytes).
    Removing stm32f1xx_hal_flash.o(i.HAL_FLASH_Program), (128 bytes).
    Removing stm32f1xx_hal_flash.o(i.HAL_FLASH_Program_IT), (100 bytes).
    Removing stm32f1xx_hal_flash.o(i.HAL_FLASH_Unlock), (36 bytes).
    Removing stm32f1xx_hal_flash.o(.bss), (32 bytes).
    Removing stm32f1xx_hal_tim.o(.rev16_text), (4 bytes).
    Removing stm32f1xx_hal_tim.o(.revsh_text), (4 bytes).
    Removing stm32f1xx_hal_tim.o(.rrx_text), (6 bytes).
    Removing stm32f1xx_hal_tim.o(i.HAL_TIM_Base_DeInit), (54 bytes).
    Removing stm32f1xx_hal_tim.o(i.HAL_TIM_Base_GetState), (6 bytes).
    Removing stm32f1xx_hal_tim.o(i.HAL_TIM_Base_Init), (54 bytes).
    Removing stm32f1xx_hal_tim.o(i.HAL_TIM_Base_MspDeInit), (2 bytes).
    Removing stm32f1xx_hal_tim.o(i.HAL_TIM_Base_MspInit), (2 bytes).
    Removing stm32f1xx_hal_tim.o(i.HAL_TIM_Base_Start), (26 bytes).
    Removing stm32f1xx_hal_tim.o(i.HAL_TIM_Base_Start_DMA), (92 bytes).
    Removing stm32f1xx_hal_tim.o(i.HAL_TIM_Base_Start_IT), (24 bytes).
    Removing stm32f1xx_hal_tim.o(i.HAL_TIM_Base_Stop), (44 bytes).
    Removing stm32f1xx_hal_tim.o(i.HAL_TIM_Base_Stop_DMA), (48 bytes).
    Removing stm32f1xx_hal_tim.o(i.HAL_TIM_Base_Stop_IT), (42 bytes).
    Removing stm32f1xx_hal_tim.o(i.HAL_TIM_ConfigClockSource), (240 bytes).
    Removing stm32f1xx_hal_tim.o(i.HAL_TIM_ConfigOCrefClear), (192 bytes).
    Removing stm32f1xx_hal_tim.o(i.HAL_TIM_ConfigTI1Input), (16 bytes).
    Removing stm32f1xx_hal_tim.o(i.HAL_TIM_DMABurst_ReadStart), (272 bytes).
    Removing stm32f1xx_hal_tim.o(i.HAL_TIM_DMABurst_ReadStop), (96 bytes).
    Removing stm32f1xx_hal_tim.o(i.HAL_TIM_DMABurst_WriteStart), (272 bytes).
    Removing stm32f1xx_hal_tim.o(i.HAL_TIM_DMABurst_WriteStop), (96 bytes).
    Removing stm32f1xx_hal_tim.o(i.HAL_TIM_Encoder_DeInit), (54 bytes).
    Removing stm32f1xx_hal_tim.o(i.HAL_TIM_Encoder_GetState), (6 bytes).
    Removing stm32f1xx_hal_tim.o(i.HAL_TIM_Encoder_Init), (150 bytes).
    Removing stm32f1xx_hal_tim.o(i.HAL_TIM_Encoder_MspDeInit), (2 bytes).
    Removing stm32f1xx_hal_tim.o(i.HAL_TIM_Encoder_MspInit), (2 bytes).
    Removing stm32f1xx_hal_tim.o(i.HAL_TIM_Encoder_Start), (52 bytes).
    Removing stm32f1xx_hal_tim.o(i.HAL_TIM_Encoder_Start_DMA), (272 bytes).
    Removing stm32f1xx_hal_tim.o(i.HAL_TIM_Encoder_Start_IT), (92 bytes).
    Removing stm32f1xx_hal_tim.o(i.HAL_TIM_Encoder_Stop), (74 bytes).
    Removing stm32f1xx_hal_tim.o(i.HAL_TIM_Encoder_Stop_DMA), (120 bytes).
    Removing stm32f1xx_hal_tim.o(i.HAL_TIM_Encoder_Stop_IT), (120 bytes).
    Removing stm32f1xx_hal_tim.o(i.HAL_TIM_ErrorCallback), (2 bytes).
    Removing stm32f1xx_hal_tim.o(i.HAL_TIM_GenerateEvent), (38 bytes).
    Removing stm32f1xx_hal_tim.o(i.HAL_TIM_IC_CaptureCallback), (2 bytes).
    Removing stm32f1xx_hal_tim.o(i.HAL_TIM_IC_ConfigChannel), (282 bytes).
    Removing stm32f1xx_hal_tim.o(i.HAL_TIM_IC_DeInit), (54 bytes).
    Removing stm32f1xx_hal_tim.o(i.HAL_TIM_IC_GetState), (6 bytes).
    Removing stm32f1xx_hal_tim.o(i.HAL_TIM_IC_Init), (54 bytes).
    Removing stm32f1xx_hal_tim.o(i.HAL_TIM_IC_MspDeInit), (2 bytes).
    Removing stm32f1xx_hal_tim.o(i.HAL_TIM_IC_MspInit), (2 bytes).
    Removing stm32f1xx_hal_tim.o(i.HAL_TIM_IC_Start), (26 bytes).
    Removing stm32f1xx_hal_tim.o(i.HAL_TIM_IC_Start_DMA), (200 bytes).
    Removing stm32f1xx_hal_tim.o(i.HAL_TIM_IC_Start_IT), (76 bytes).
    Removing stm32f1xx_hal_tim.o(i.HAL_TIM_IC_Stop), (44 bytes).
    Removing stm32f1xx_hal_tim.o(i.HAL_TIM_IC_Stop_DMA), (104 bytes).
    Removing stm32f1xx_hal_tim.o(i.HAL_TIM_IC_Stop_IT), (98 bytes).
    Removing stm32f1xx_hal_tim.o(i.HAL_TIM_IRQHandler), (358 bytes).
    Removing stm32f1xx_hal_tim.o(i.HAL_TIM_OC_ConfigChannel), (84 bytes).
    Removing stm32f1xx_hal_tim.o(i.HAL_TIM_OC_DeInit), (54 bytes).
    Removing stm32f1xx_hal_tim.o(i.HAL_TIM_OC_DelayElapsedCallback), (2 bytes).
    Removing stm32f1xx_hal_tim.o(i.HAL_TIM_OC_GetState), (6 bytes).
    Removing stm32f1xx_hal_tim.o(i.HAL_TIM_OC_Init), (54 bytes).
    Removing stm32f1xx_hal_tim.o(i.HAL_TIM_OC_MspDeInit), (2 bytes).
    Removing stm32f1xx_hal_tim.o(i.HAL_TIM_OC_MspInit), (2 bytes).
    Removing stm32f1xx_hal_tim.o(i.HAL_TIM_OC_Start), (48 bytes).
    Removing stm32f1xx_hal_tim.o(i.HAL_TIM_OC_Start_DMA), (228 bytes).
    Removing stm32f1xx_hal_tim.o(i.HAL_TIM_OC_Start_IT), (96 bytes).
    Removing stm32f1xx_hal_tim.o(i.HAL_TIM_OC_Stop), (76 bytes).
    Removing stm32f1xx_hal_tim.o(i.HAL_TIM_OC_Stop_DMA), (136 bytes).
    Removing stm32f1xx_hal_tim.o(i.HAL_TIM_OC_Stop_IT), (128 bytes).
    Removing stm32f1xx_hal_tim.o(i.HAL_TIM_OnePulse_ConfigChannel), (212 bytes).
    Removing stm32f1xx_hal_tim.o(i.HAL_TIM_OnePulse_DeInit), (54 bytes).
    Removing stm32f1xx_hal_tim.o(i.HAL_TIM_OnePulse_GetState), (6 bytes).
    Removing stm32f1xx_hal_tim.o(i.HAL_TIM_OnePulse_Init), (74 bytes).
    Removing stm32f1xx_hal_tim.o(i.HAL_TIM_OnePulse_MspDeInit), (2 bytes).
    Removing stm32f1xx_hal_tim.o(i.HAL_TIM_OnePulse_MspInit), (2 bytes).
    Removing stm32f1xx_hal_tim.o(i.HAL_TIM_OnePulse_Start), (48 bytes).
    Removing stm32f1xx_hal_tim.o(i.HAL_TIM_OnePulse_Start_IT), (68 bytes).
    Removing stm32f1xx_hal_tim.o(i.HAL_TIM_OnePulse_Stop), (88 bytes).
    Removing stm32f1xx_hal_tim.o(i.HAL_TIM_OnePulse_Stop_IT), (108 bytes).
    Removing stm32f1xx_hal_tim.o(i.HAL_TIM_PWM_DeInit), (54 bytes).
    Removing stm32f1xx_hal_tim.o(i.HAL_TIM_PWM_GetState), (6 bytes).
    Removing stm32f1xx_hal_tim.o(i.HAL_TIM_PWM_MspDeInit), (2 bytes).
    Removing stm32f1xx_hal_tim.o(i.HAL_TIM_PWM_MspInit), (2 bytes).
    Removing stm32f1xx_hal_tim.o(i.HAL_TIM_PWM_PulseFinishedCallback), (2 bytes).
    Removing stm32f1xx_hal_tim.o(i.HAL_TIM_PWM_Start_DMA), (228 bytes).
    Removing stm32f1xx_hal_tim.o(i.HAL_TIM_PWM_Start_IT), (96 bytes).
    Removing stm32f1xx_hal_tim.o(i.HAL_TIM_PWM_Stop), (84 bytes).
    Removing stm32f1xx_hal_tim.o(i.HAL_TIM_PWM_Stop_DMA), (136 bytes).
    Removing stm32f1xx_hal_tim.o(i.HAL_TIM_PWM_Stop_IT), (128 bytes).
    Removing stm32f1xx_hal_tim.o(i.HAL_TIM_PeriodElapsedCallback), (2 bytes).
    Removing stm32f1xx_hal_tim.o(i.HAL_TIM_ReadCapturedValue), (68 bytes).
    Removing stm32f1xx_hal_tim.o(i.HAL_TIM_SlaveConfigSynchronization), (66 bytes).
    Removing stm32f1xx_hal_tim.o(i.HAL_TIM_SlaveConfigSynchronization_IT), (66 bytes).
    Removing stm32f1xx_hal_tim.o(i.HAL_TIM_TriggerCallback), (2 bytes).
    Removing stm32f1xx_hal_tim.o(i.TIM_DMACaptureCplt), (62 bytes).
    Removing stm32f1xx_hal_tim.o(i.TIM_DMADelayPulseCplt), (62 bytes).
    Removing stm32f1xx_hal_tim.o(i.TIM_DMAError), (16 bytes).
    Removing stm32f1xx_hal_tim.o(i.TIM_DMAPeriodElapsedCplt), (16 bytes).
    Removing stm32f1xx_hal_tim.o(i.TIM_DMATriggerCplt), (16 bytes).
    Removing stm32f1xx_hal_tim.o(i.TIM_ETR_SetConfig), (20 bytes).
    Removing stm32f1xx_hal_tim.o(i.TIM_ITRx_SetConfig), (16 bytes).
    Removing stm32f1xx_hal_tim.o(i.TIM_SlaveTimer_SetConfig), (124 bytes).
    Removing stm32f1xx_hal_tim.o(i.TIM_TI1_ConfigInputStage), (34 bytes).
    Removing stm32f1xx_hal_tim.o(i.TIM_TI1_SetConfig), (88 bytes).
    Removing stm32f1xx_hal_tim.o(i.TIM_TI2_ConfigInputStage), (36 bytes).
    Removing stm32f1xx_hal_tim.o(i.TIM_TI2_SetConfig), (54 bytes).
    Removing stm32f1xx_hal_rcc_ex.o(.rev16_text), (4 bytes).
    Removing stm32f1xx_hal_rcc_ex.o(.revsh_text), (4 bytes).
    Removing stm32f1xx_hal_rcc_ex.o(.rrx_text), (6 bytes).
    Removing stm32f1xx_hal_rcc_ex.o(i.HAL_RCCEx_GetPeriphCLKConfig), (44 bytes).
    Removing stm32f1xx_hal_rcc_ex.o(i.HAL_RCCEx_GetPeriphCLKFreq), (244 bytes).
    Removing stm32f1xx_hal_rcc_ex.o(i.HAL_RCC_GetClockConfig), (64 bytes).
    Removing stm32f1xx_hal_gpio_ex.o(.rev16_text), (4 bytes).
    Removing stm32f1xx_hal_gpio_ex.o(.revsh_text), (4 bytes).
    Removing stm32f1xx_hal_gpio_ex.o(.rrx_text), (6 bytes).
    Removing stm32f1xx_hal_gpio_ex.o(i.HAL_GPIOEx_ConfigEventout), (20 bytes).
    Removing stm32f1xx_hal_gpio_ex.o(i.HAL_GPIOEx_DisableEventout), (16 bytes).
    Removing stm32f1xx_hal_gpio_ex.o(i.HAL_GPIOEx_EnableEventout), (16 bytes).
    Removing stm32f1xx_hal_tim_ex.o(.rev16_text), (4 bytes).
    Removing stm32f1xx_hal_tim_ex.o(.revsh_text), (4 bytes).
    Removing stm32f1xx_hal_tim_ex.o(.rrx_text), (6 bytes).
    Removing stm32f1xx_hal_tim_ex.o(i.HAL_TIMEx_BreakCallback), (2 bytes).
    Removing stm32f1xx_hal_tim_ex.o(i.HAL_TIMEx_CommutationCallback), (2 bytes).
    Removing stm32f1xx_hal_tim_ex.o(i.HAL_TIMEx_ConfigCommutationEvent), (92 bytes).
    Removing stm32f1xx_hal_tim_ex.o(i.HAL_TIMEx_ConfigCommutationEvent_DMA), (124 bytes).
    Removing stm32f1xx_hal_tim_ex.o(i.HAL_TIMEx_ConfigCommutationEvent_IT), (102 bytes).
    Removing stm32f1xx_hal_tim_ex.o(i.HAL_TIMEx_HallSensor_DeInit), (54 bytes).
    Removing stm32f1xx_hal_tim_ex.o(i.HAL_TIMEx_HallSensor_GetState), (6 bytes).
    Removing stm32f1xx_hal_tim_ex.o(i.HAL_TIMEx_HallSensor_Init), (188 bytes).
    Removing stm32f1xx_hal_tim_ex.o(i.HAL_TIMEx_HallSensor_MspDeInit), (2 bytes).
    Removing stm32f1xx_hal_tim_ex.o(i.HAL_TIMEx_HallSensor_MspInit), (2 bytes).
    Removing stm32f1xx_hal_tim_ex.o(i.HAL_TIMEx_HallSensor_Start), (28 bytes).
    Removing stm32f1xx_hal_tim_ex.o(i.HAL_TIMEx_HallSensor_Start_DMA), (104 bytes).
    Removing stm32f1xx_hal_tim_ex.o(i.HAL_TIMEx_HallSensor_Start_IT), (38 bytes).
    Removing stm32f1xx_hal_tim_ex.o(i.HAL_TIMEx_HallSensor_Stop), (46 bytes).
    Removing stm32f1xx_hal_tim_ex.o(i.HAL_TIMEx_HallSensor_Stop_DMA), (56 bytes).
    Removing stm32f1xx_hal_tim_ex.o(i.HAL_TIMEx_HallSensor_Stop_IT), (56 bytes).
    Removing stm32f1xx_hal_tim_ex.o(i.HAL_TIMEx_OCN_Start), (36 bytes).
    Removing stm32f1xx_hal_tim_ex.o(i.HAL_TIMEx_OCN_Start_DMA), (220 bytes).
    Removing stm32f1xx_hal_tim_ex.o(i.HAL_TIMEx_OCN_Start_IT), (96 bytes).
    Removing stm32f1xx_hal_tim_ex.o(i.HAL_TIMEx_OCN_Stop), (68 bytes).
    Removing stm32f1xx_hal_tim_ex.o(i.HAL_TIMEx_OCN_Stop_DMA), (126 bytes).
    Removing stm32f1xx_hal_tim_ex.o(i.HAL_TIMEx_OCN_Stop_IT), (136 bytes).
    Removing stm32f1xx_hal_tim_ex.o(i.HAL_TIMEx_OnePulseN_Start), (26 bytes).
    Removing stm32f1xx_hal_tim_ex.o(i.HAL_TIMEx_OnePulseN_Start_IT), (46 bytes).
    Removing stm32f1xx_hal_tim_ex.o(i.HAL_TIMEx_OnePulseN_Stop), (68 bytes).
    Removing stm32f1xx_hal_tim_ex.o(i.HAL_TIMEx_OnePulseN_Stop_IT), (88 bytes).
    Removing stm32f1xx_hal_tim_ex.o(i.HAL_TIMEx_PWMN_Start), (36 bytes).
    Removing stm32f1xx_hal_tim_ex.o(i.HAL_TIMEx_PWMN_Start_DMA), (220 bytes).
    Removing stm32f1xx_hal_tim_ex.o(i.HAL_TIMEx_PWMN_Start_IT), (96 bytes).
    Removing stm32f1xx_hal_tim_ex.o(i.HAL_TIMEx_PWMN_Stop), (68 bytes).
    Removing stm32f1xx_hal_tim_ex.o(i.HAL_TIMEx_PWMN_Stop_DMA), (126 bytes).
    Removing stm32f1xx_hal_tim_ex.o(i.HAL_TIMEx_PWMN_Stop_IT), (136 bytes).
    Removing stm32f1xx_hal_tim_ex.o(i.TIMEx_DMACommutationCplt), (16 bytes).
    Removing stm32f1xx_hal_tim_ex.o(i.TIM_CCxNChannelCmd), (22 bytes).
    Removing stm32f1xx_hal_adc_ex.o(.rev16_text), (4 bytes).
    Removing stm32f1xx_hal_adc_ex.o(.revsh_text), (4 bytes).
    Removing stm32f1xx_hal_adc_ex.o(.rrx_text), (6 bytes).
    Removing stm32f1xx_hal_adc_ex.o(i.HAL_ADCEx_Calibration_Start), (180 bytes).
    Removing stm32f1xx_hal_adc_ex.o(i.HAL_ADCEx_InjectedConfigChannel), (588 bytes).
    Removing stm32f1xx_hal_adc_ex.o(i.HAL_ADCEx_InjectedConvCpltCallback), (2 bytes).
    Removing stm32f1xx_hal_adc_ex.o(i.HAL_ADCEx_InjectedGetValue), (44 bytes).
    Removing stm32f1xx_hal_adc_ex.o(i.HAL_ADCEx_InjectedPollForConversion), (276 bytes).
    Removing stm32f1xx_hal_adc_ex.o(i.HAL_ADCEx_InjectedStart), (144 bytes).
    Removing stm32f1xx_hal_adc_ex.o(i.HAL_ADCEx_InjectedStart_IT), (152 bytes).
    Removing stm32f1xx_hal_adc_ex.o(i.HAL_ADCEx_InjectedStop), (78 bytes).
    Removing stm32f1xx_hal_adc_ex.o(i.HAL_ADCEx_InjectedStop_IT), (88 bytes).
    Removing stm32f1xx_hal_adc_ex.o(i.HAL_ADCEx_MultiModeConfigChannel), (96 bytes).
    Removing stm32f1xx_hal_adc_ex.o(i.HAL_ADCEx_MultiModeGetValue), (32 bytes).
    Removing stm32f1xx_hal_adc_ex.o(i.HAL_ADCEx_MultiModeStart_DMA), (216 bytes).
    Removing stm32f1xx_hal_adc_ex.o(i.HAL_ADCEx_MultiModeStop_DMA), (112 bytes).
    Removing main.o(.rev16_text), (4 bytes).
    Removing main.o(.revsh_text), (4 bytes).
    Removing main.o(.rrx_text), (6 bytes).
    Removing user_diskio.o(.rev16_text), (4 bytes).
    Removing user_diskio.o(.revsh_text), (4 bytes).
    Removing user_diskio.o(.rrx_text), (6 bytes).
    Removing stm32f1xx_it.o(.rev16_text), (4 bytes).
    Removing stm32f1xx_it.o(.revsh_text), (4 bytes).
    Removing stm32f1xx_it.o(.rrx_text), (6 bytes).
    Removing stm32f1xx_hal_msp.o(.rev16_text), (4 bytes).
    Removing stm32f1xx_hal_msp.o(.revsh_text), (4 bytes).
    Removing stm32f1xx_hal_msp.o(.rrx_text), (6 bytes).
    Removing stm32f1xx_hal_msp.o(i.HAL_ADC_MspDeInit), (40 bytes).
    Removing stm32f1xx_hal_msp.o(i.HAL_CRC_MspDeInit), (28 bytes).
    Removing stm32f1xx_hal_msp.o(i.HAL_I2C_MspDeInit), (44 bytes).
    Removing stm32f1xx_hal_msp.o(i.HAL_SPI_MspDeInit), (44 bytes).
    Removing stm32f1xx_hal_msp.o(i.HAL_TIM_PWM_MspDeInit), (84 bytes).
    Removing stm32f1xx_hal_msp.o(i.HAL_UART_MspDeInit), (68 bytes).
    Removing ccsbcs.o(.rev16_text), (4 bytes).
    Removing ccsbcs.o(.revsh_text), (4 bytes).
    Removing ccsbcs.o(.rrx_text), (6 bytes).
    Removing ccsbcs.o(i.ff_convert), (56 bytes).
    Removing ccsbcs.o(i.ff_wtoupper), (36 bytes).
    Removing ccsbcs.o(.constdata), (1216 bytes).
    Removing ff_gen_drv.o(.rev16_text), (4 bytes).
    Removing ff_gen_drv.o(.revsh_text), (4 bytes).
    Removing ff_gen_drv.o(.rrx_text), (6 bytes).
    Removing ff_gen_drv.o(i.FATFS_GetAttachedDriversNbr), (12 bytes).
    Removing ff_gen_drv.o(i.FATFS_UnLinkDriver), (48 bytes).
    Removing diskio.o(.rev16_text), (4 bytes).
    Removing diskio.o(.revsh_text), (4 bytes).
    Removing diskio.o(.rrx_text), (6 bytes).
    Removing diskio.o(i.disk_initialize), (36 bytes).
    Removing diskio.o(i.disk_ioctl), (28 bytes).
    Removing diskio.o(i.disk_read), (32 bytes).
    Removing diskio.o(i.disk_status), (16 bytes).
    Removing diskio.o(i.disk_write), (32 bytes).
    Removing diskio.o(i.get_fattime), (4 bytes).
    Removing ff.o(.rev16_text), (4 bytes).
    Removing ff.o(.revsh_text), (4 bytes).
    Removing ff.o(.rrx_text), (6 bytes).
    Removing ff.o(i.check_fs), (96 bytes).
    Removing ff.o(i.chk_chr), (16 bytes).
    Removing ff.o(i.chk_lock), (108 bytes).
    Removing ff.o(i.clear_lock), (36 bytes).
    Removing ff.o(i.clmt_clust), (44 bytes).
    Removing ff.o(i.clust2sect), (30 bytes).
    Removing ff.o(i.create_chain), (176 bytes).
    Removing ff.o(i.create_name), (512 bytes).
    Removing ff.o(i.dec_lock), (60 bytes).
    Removing ff.o(i.dir_find), (324 bytes).
    Removing ff.o(i.dir_next), (284 bytes).
    Removing ff.o(i.dir_read), (264 bytes).
    Removing ff.o(i.dir_register), (460 bytes).
    Removing ff.o(i.dir_remove), (114 bytes).
    Removing ff.o(i.dir_sdi), (150 bytes).
    Removing ff.o(i.f_chmod), (128 bytes).
    Removing ff.o(i.f_close), (54 bytes).
    Removing ff.o(i.f_closedir), (48 bytes).
    Removing ff.o(i.f_getfree), (208 bytes).
    Removing ff.o(i.f_gets), (72 bytes).
    Removing ff.o(i.f_lseek), (684 bytes).
    Removing ff.o(i.f_mkdir), (402 bytes).
    Removing ff.o(i.f_mkfs), (1282 bytes).
    Removing ff.o(i.f_mount), (132 bytes).
    Removing ff.o(i.f_open), (480 bytes).
    Removing ff.o(i.f_opendir), (194 bytes).
    Removing ff.o(i.f_printf), (482 bytes).
    Removing ff.o(i.f_putc), (60 bytes).
    Removing ff.o(i.f_puts), (70 bytes).
    Removing ff.o(i.f_read), (464 bytes).
    Removing ff.o(i.f_readdir), (142 bytes).
    Removing ff.o(i.f_rename), (382 bytes).
    Removing ff.o(i.f_stat), (106 bytes).
    Removing ff.o(i.f_sync), (198 bytes).
    Removing ff.o(i.f_truncate), (224 bytes).
    Removing ff.o(i.f_unlink), (230 bytes).
    Removing ff.o(i.f_utime), (132 bytes).
    Removing ff.o(i.f_write), (536 bytes).
    Removing ff.o(i.find_volume), (612 bytes).
    Removing ff.o(i.follow_path), (114 bytes).
    Removing ff.o(i.gen_numname), (136 bytes).
    Removing ff.o(i.get_fat), (184 bytes).
    Removing ff.o(i.get_fileinfo), (196 bytes).
    Removing ff.o(i.get_ldnumber), (60 bytes).
    Removing ff.o(i.inc_lock), (160 bytes).
    Removing ff.o(i.ld_clust), (20 bytes).
    Removing ff.o(i.lock_fs), (8 bytes).
    Removing ff.o(i.mem_cpy), (18 bytes).
    Removing ff.o(i.mem_set), (14 bytes).
    Removing ff.o(i.move_window), (50 bytes).
    Removing ff.o(i.put_fat), (254 bytes).
    Removing ff.o(i.putc_bfd), (70 bytes).
    Removing ff.o(i.remove_chain), (110 bytes).
    Removing ff.o(i.st_clust), (16 bytes).
    Removing ff.o(i.sum_sfn), (26 bytes).
    Removing ff.o(i.sync_fs), (182 bytes).
    Removing ff.o(i.sync_window), (90 bytes).
    Removing ff.o(i.unlock_fs), (30 bytes).
    Removing ff.o(i.validate), (64 bytes).
    Removing ff.o(.bss), (24 bytes).
    Removing ff.o(.constdata), (186 bytes).
    Removing ff.o(.data), (8 bytes).
    Removing syscall.o(.rev16_text), (4 bytes).
    Removing syscall.o(.revsh_text), (4 bytes).
    Removing syscall.o(.rrx_text), (6 bytes).
    Removing syscall.o(i.ff_cre_syncobj), (26 bytes).
    Removing syscall.o(i.ff_del_syncobj), (10 bytes).
    Removing syscall.o(i.ff_memalloc), (4 bytes).
    Removing syscall.o(i.ff_memfree), (4 bytes).
    Removing syscall.o(i.ff_rel_grant), (4 bytes).
    Removing syscall.o(i.ff_req_grant), (20 bytes).
    Removing startup_stm32f103xb.o(HEAP), (512 bytes).
    Removing system_stm32f1xx.o(.rev16_text), (4 bytes).
    Removing system_stm32f1xx.o(.revsh_text), (4 bytes).
    Removing system_stm32f1xx.o(.rrx_text), (6 bytes).
    Removing system_stm32f1xx.o(i.SystemCoreClockUpdate), (104 bytes).

700 unused section(s) (total 55486 bytes) removed from the image.

==============================================================================

Image Symbol Table

    Local Symbols

    Symbol Name                              Value     Ov Type        Size  Object(Section)

    ../clib/microlib/init/entry.s            0x00000000   Number         0  entry7a.o ABSOLUTE
    ../clib/microlib/init/entry.s            0x00000000   Number         0  entry11b.o ABSOLUTE
    ../clib/microlib/init/entry.s            0x00000000   Number         0  entry8b.o ABSOLUTE
    ../clib/microlib/init/entry.s            0x00000000   Number         0  entry8a.o ABSOLUTE
    ../clib/microlib/init/entry.s            0x00000000   Number         0  entry7b.o ABSOLUTE
    ../clib/microlib/init/entry.s            0x00000000   Number         0  entry5.o ABSOLUTE
    ../clib/microlib/init/entry.s            0x00000000   Number         0  entry2.o ABSOLUTE
    ../clib/microlib/init/entry.s            0x00000000   Number         0  entry9a.o ABSOLUTE
    ../clib/microlib/init/entry.s            0x00000000   Number         0  entry9b.o ABSOLUTE
    ../clib/microlib/init/entry.s            0x00000000   Number         0  entry10a.o ABSOLUTE
    ../clib/microlib/init/entry.s            0x00000000   Number         0  entry10b.o ABSOLUTE
    ../clib/microlib/init/entry.s            0x00000000   Number         0  entry.o ABSOLUTE
    ../clib/microlib/init/entry.s            0x00000000   Number         0  entry11a.o ABSOLUTE
    ../clib/microlib/longlong.c              0x00000000   Number         0  llushr.o ABSOLUTE
    ../clib/microlib/malloc/malloc.c         0x00000000   Number         0  mallocra.o ABSOLUTE
    ../clib/microlib/malloc/malloc.c         0x00000000   Number         0  malloca.o ABSOLUTE
    ../clib/microlib/malloc/malloc.c         0x00000000   Number         0  mallocr.o ABSOLUTE
    ../clib/microlib/malloc/malloc.c         0x00000000   Number         0  malloc.o ABSOLUTE
    ../clib/microlib/malloc/mvars.c          0x00000000   Number         0  mvars.o ABSOLUTE
    ../clib/microlib/string/memcpy.c         0x00000000   Number         0  memcpyb.o ABSOLUTE
    ../clib/microlib/string/memcpy.c         0x00000000   Number         0  memcpya.o ABSOLUTE
    ../clib/microlib/string/memset.c         0x00000000   Number         0  memseta.o ABSOLUTE
    ..\Drivers\CMSIS\Device\ST\STM32F1xx\Source\Templates\arm\startup_stm32f103xb.s 0x00000000   Number         0  startup_stm32f103xb.o ABSOLUTE
    ..\Drivers\CMSIS\Device\ST\STM32F1xx\Source\Templates\system_stm32f1xx.c 0x00000000   Number         0  system_stm32f1xx.o ABSOLUTE
    ..\Drivers\STM32F1xx_HAL_Driver\Src\stm32f1xx_hal.c 0x00000000   Number         0  stm32f1xx_hal.o ABSOLUTE
    ..\Drivers\STM32F1xx_HAL_Driver\Src\stm32f1xx_hal_adc.c 0x00000000   Number         0  stm32f1xx_hal_adc.o ABSOLUTE
    ..\Drivers\STM32F1xx_HAL_Driver\Src\stm32f1xx_hal_adc_ex.c 0x00000000   Number         0  stm32f1xx_hal_adc_ex.o ABSOLUTE
    ..\Drivers\STM32F1xx_HAL_Driver\Src\stm32f1xx_hal_cortex.c 0x00000000   Number         0  stm32f1xx_hal_cortex.o ABSOLUTE
    ..\Drivers\STM32F1xx_HAL_Driver\Src\stm32f1xx_hal_crc.c 0x00000000   Number         0  stm32f1xx_hal_crc.o ABSOLUTE
    ..\Drivers\STM32F1xx_HAL_Driver\Src\stm32f1xx_hal_dma.c 0x00000000   Number         0  stm32f1xx_hal_dma.o ABSOLUTE
    ..\Drivers\STM32F1xx_HAL_Driver\Src\stm32f1xx_hal_flash.c 0x00000000   Number         0  stm32f1xx_hal_flash.o ABSOLUTE
    ..\Drivers\STM32F1xx_HAL_Driver\Src\stm32f1xx_hal_flash_ex.c 0x00000000   Number         0  stm32f1xx_hal_flash_ex.o ABSOLUTE
    ..\Drivers\STM32F1xx_HAL_Driver\Src\stm32f1xx_hal_gpio.c 0x00000000   Number         0  stm32f1xx_hal_gpio.o ABSOLUTE
    ..\Drivers\STM32F1xx_HAL_Driver\Src\stm32f1xx_hal_gpio_ex.c 0x00000000   Number         0  stm32f1xx_hal_gpio_ex.o ABSOLUTE
    ..\Drivers\STM32F1xx_HAL_Driver\Src\stm32f1xx_hal_i2c.c 0x00000000   Number         0  stm32f1xx_hal_i2c.o ABSOLUTE
    ..\Drivers\STM32F1xx_HAL_Driver\Src\stm32f1xx_hal_iwdg.c 0x00000000   Number         0  stm32f1xx_hal_iwdg.o ABSOLUTE
    ..\Drivers\STM32F1xx_HAL_Driver\Src\stm32f1xx_hal_pwr.c 0x00000000   Number         0  stm32f1xx_hal_pwr.o ABSOLUTE
    ..\Drivers\STM32F1xx_HAL_Driver\Src\stm32f1xx_hal_rcc.c 0x00000000   Number         0  stm32f1xx_hal_rcc.o ABSOLUTE
    ..\Drivers\STM32F1xx_HAL_Driver\Src\stm32f1xx_hal_rcc_ex.c 0x00000000   Number         0  stm32f1xx_hal_rcc_ex.o ABSOLUTE
    ..\Drivers\STM32F1xx_HAL_Driver\Src\stm32f1xx_hal_spi.c 0x00000000   Number         0  stm32f1xx_hal_spi.o ABSOLUTE
    ..\Drivers\STM32F1xx_HAL_Driver\Src\stm32f1xx_hal_spi_ex.c 0x00000000   Number         0  stm32f1xx_hal_spi_ex.o ABSOLUTE
    ..\Drivers\STM32F1xx_HAL_Driver\Src\stm32f1xx_hal_tim.c 0x00000000   Number         0  stm32f1xx_hal_tim.o ABSOLUTE
    ..\Drivers\STM32F1xx_HAL_Driver\Src\stm32f1xx_hal_tim_ex.c 0x00000000   Number         0  stm32f1xx_hal_tim_ex.o ABSOLUTE
    ..\Drivers\STM32F1xx_HAL_Driver\Src\stm32f1xx_hal_uart.c 0x00000000   Number         0  stm32f1xx_hal_uart.o ABSOLUTE
    ..\Middlewares\Third_Party\FatFs\src\diskio.c 0x00000000   Number         0  diskio.o ABSOLUTE
    ..\Middlewares\Third_Party\FatFs\src\ff.c 0x00000000   Number         0  ff.o ABSOLUTE
    ..\Middlewares\Third_Party\FatFs\src\ff_gen_drv.c 0x00000000   Number         0  ff_gen_drv.o ABSOLUTE
    ..\Middlewares\Third_Party\FatFs\src\option\ccsbcs.c 0x00000000   Number         0  ccsbcs.o ABSOLUTE
    ..\Middlewares\Third_Party\FatFs\src\option\syscall.c 0x00000000   Number         0  syscall.o ABSOLUTE
    ..\Middlewares\Third_Party\FreeRTOS\Source\CMSIS_RTOS\cmsis_os.c 0x00000000   Number         0  cmsis_os.o ABSOLUTE
    ..\Middlewares\Third_Party\FreeRTOS\Source\croutine.c 0x00000000   Number         0  croutine.o ABSOLUTE
    ..\Middlewares\Third_Party\FreeRTOS\Source\event_groups.c 0x00000000   Number         0  event_groups.o ABSOLUTE
    ..\Middlewares\Third_Party\FreeRTOS\Source\list.c 0x00000000   Number         0  list.o ABSOLUTE
    ..\Middlewares\Third_Party\FreeRTOS\Source\portable\MemMang\heap_4.c 0x00000000   Number         0  heap_4.o ABSOLUTE
    ..\Middlewares\Third_Party\FreeRTOS\Source\portable\RVDS\ARM_CM3\port.c 0x00000000   Number         0  port.o ABSOLUTE
    ..\Middlewares\Third_Party\FreeRTOS\Source\queue.c 0x00000000   Number         0  queue.o ABSOLUTE
    ..\Middlewares\Third_Party\FreeRTOS\Source\tasks.c 0x00000000   Number         0  tasks.o ABSOLUTE
    ..\Middlewares\Third_Party\FreeRTOS\Source\timers.c 0x00000000   Number         0  timers.o ABSOLUTE
    ..\Src\freertos.c                        0x00000000   Number         0  freertos.o ABSOLUTE
    ..\Src\main.c                            0x00000000   Number         0  main.o ABSOLUTE
    ..\Src\stm32f1xx_hal_msp.c               0x00000000   Number         0  stm32f1xx_hal_msp.o ABSOLUTE
    ..\Src\stm32f1xx_it.c                    0x00000000   Number         0  stm32f1xx_it.o ABSOLUTE
    ..\Src\user_diskio.c                     0x00000000   Number         0  user_diskio.o ABSOLUTE
    ..\\Drivers\\CMSIS\\Device\\ST\\STM32F1xx\\Source\\Templates\\system_stm32f1xx.c 0x00000000   Number         0  system_stm32f1xx.o ABSOLUTE
    ..\\Drivers\\STM32F1xx_HAL_Driver\\Src\\stm32f1xx_hal.c 0x00000000   Number         0  stm32f1xx_hal.o ABSOLUTE
    ..\\Drivers\\STM32F1xx_HAL_Driver\\Src\\stm32f1xx_hal_adc.c 0x00000000   Number         0  stm32f1xx_hal_adc.o ABSOLUTE
    ..\\Drivers\\STM32F1xx_HAL_Driver\\Src\\stm32f1xx_hal_adc_ex.c 0x00000000   Number         0  stm32f1xx_hal_adc_ex.o ABSOLUTE
    ..\\Drivers\\STM32F1xx_HAL_Driver\\Src\\stm32f1xx_hal_cortex.c 0x00000000   Number         0  stm32f1xx_hal_cortex.o ABSOLUTE
    ..\\Drivers\\STM32F1xx_HAL_Driver\\Src\\stm32f1xx_hal_crc.c 0x00000000   Number         0  stm32f1xx_hal_crc.o ABSOLUTE
    ..\\Drivers\\STM32F1xx_HAL_Driver\\Src\\stm32f1xx_hal_dma.c 0x00000000   Number         0  stm32f1xx_hal_dma.o ABSOLUTE
    ..\\Drivers\\STM32F1xx_HAL_Driver\\Src\\stm32f1xx_hal_flash.c 0x00000000   Number         0  stm32f1xx_hal_flash.o ABSOLUTE
    ..\\Drivers\\STM32F1xx_HAL_Driver\\Src\\stm32f1xx_hal_flash_ex.c 0x00000000   Number         0  stm32f1xx_hal_flash_ex.o ABSOLUTE
    ..\\Drivers\\STM32F1xx_HAL_Driver\\Src\\stm32f1xx_hal_gpio.c 0x00000000   Number         0  stm32f1xx_hal_gpio.o ABSOLUTE
    ..\\Drivers\\STM32F1xx_HAL_Driver\\Src\\stm32f1xx_hal_gpio_ex.c 0x00000000   Number         0  stm32f1xx_hal_gpio_ex.o ABSOLUTE
    ..\\Drivers\\STM32F1xx_HAL_Driver\\Src\\stm32f1xx_hal_i2c.c 0x00000000   Number         0  stm32f1xx_hal_i2c.o ABSOLUTE
    ..\\Drivers\\STM32F1xx_HAL_Driver\\Src\\stm32f1xx_hal_iwdg.c 0x00000000   Number         0  stm32f1xx_hal_iwdg.o ABSOLUTE
    ..\\Drivers\\STM32F1xx_HAL_Driver\\Src\\stm32f1xx_hal_pwr.c 0x00000000   Number         0  stm32f1xx_hal_pwr.o ABSOLUTE
    ..\\Drivers\\STM32F1xx_HAL_Driver\\Src\\stm32f1xx_hal_rcc.c 0x00000000   Number         0  stm32f1xx_hal_rcc.o ABSOLUTE
    ..\\Drivers\\STM32F1xx_HAL_Driver\\Src\\stm32f1xx_hal_rcc_ex.c 0x00000000   Number         0  stm32f1xx_hal_rcc_ex.o ABSOLUTE
    ..\\Drivers\\STM32F1xx_HAL_Driver\\Src\\stm32f1xx_hal_spi.c 0x00000000   Number         0  stm32f1xx_hal_spi.o ABSOLUTE
    ..\\Drivers\\STM32F1xx_HAL_Driver\\Src\\stm32f1xx_hal_spi_ex.c 0x00000000   Number         0  stm32f1xx_hal_spi_ex.o ABSOLUTE
    ..\\Drivers\\STM32F1xx_HAL_Driver\\Src\\stm32f1xx_hal_tim.c 0x00000000   Number         0  stm32f1xx_hal_tim.o ABSOLUTE
    ..\\Drivers\\STM32F1xx_HAL_Driver\\Src\\stm32f1xx_hal_tim_ex.c 0x00000000   Number         0  stm32f1xx_hal_tim_ex.o ABSOLUTE
    ..\\Drivers\\STM32F1xx_HAL_Driver\\Src\\stm32f1xx_hal_uart.c 0x00000000   Number         0  stm32f1xx_hal_uart.o ABSOLUTE
    ..\\Middlewares\\Third_Party\\FatFs\\src\\diskio.c 0x00000000   Number         0  diskio.o ABSOLUTE
    ..\\Middlewares\\Third_Party\\FatFs\\src\\ff.c 0x00000000   Number         0  ff.o ABSOLUTE
    ..\\Middlewares\\Third_Party\\FatFs\\src\\ff_gen_drv.c 0x00000000   Number         0  ff_gen_drv.o ABSOLUTE
    ..\\Middlewares\\Third_Party\\FatFs\\src\\option\\ccsbcs.c 0x00000000   Number         0  ccsbcs.o ABSOLUTE
    ..\\Middlewares\\Third_Party\\FatFs\\src\\option\\syscall.c 0x00000000   Number         0  syscall.o ABSOLUTE
    ..\\Middlewares\\Third_Party\\FreeRTOS\\Source\\portable\\RVDS\\ARM_CM3\\port.c 0x00000000   Number         0  port.o ABSOLUTE
    ..\\Src\\main.c                          0x00000000   Number         0  main.o ABSOLUTE
    ..\\Src\\stm32f1xx_hal_msp.c             0x00000000   Number         0  stm32f1xx_hal_msp.o ABSOLUTE
    ..\\Src\\stm32f1xx_it.c                  0x00000000   Number         0  stm32f1xx_it.o ABSOLUTE
    ..\\Src\\user_diskio.c                   0x00000000   Number         0  user_diskio.o ABSOLUTE
    dc.s                                     0x00000000   Number         0  dc.o ABSOLUTE
    handlers.s                               0x00000000   Number         0  handlers.o ABSOLUTE
    init.s                                   0x00000000   Number         0  init.o ABSOLUTE
    RESET                                    0x08000000   Section      236  startup_stm32f103xb.o(RESET)
    .ARM.Collect$$$$00000000                 0x080000ec   Section        0  entry.o(.ARM.Collect$$$$00000000)
    .ARM.Collect$$$$00000001                 0x080000ec   Section        4  entry2.o(.ARM.Collect$$$$00000001)
    .ARM.Collect$$$$00000004                 0x080000f0   Section        4  entry5.o(.ARM.Collect$$$$00000004)
    .ARM.Collect$$$$00000008                 0x080000f4   Section        0  entry7b.o(.ARM.Collect$$$$00000008)
    .ARM.Collect$$$$0000000A                 0x080000f4   Section        0  entry8b.o(.ARM.Collect$$$$0000000A)
    .ARM.Collect$$$$0000000B                 0x080000f4   Section        8  entry9a.o(.ARM.Collect$$$$0000000B)
    .ARM.Collect$$$$0000000D                 0x080000fc   Section        0  entry10a.o(.ARM.Collect$$$$0000000D)
    .ARM.Collect$$$$0000000F                 0x080000fc   Section        0  entry11a.o(.ARM.Collect$$$$0000000F)
    .ARM.Collect$$$$00002712                 0x080000fc   Section        4  entry2.o(.ARM.Collect$$$$00002712)
    __lit__00000000                          0x080000fc   Data           4  entry2.o(.ARM.Collect$$$$00002712)
    .emb_text                                0x08000100   Section      162  port.o(.emb_text)
    .text                                    0x080001a4   Section       36  startup_stm32f103xb.o(.text)
    .text                                    0x080001c8   Section        0  memcpya.o(.text)
    .text                                    0x080001ec   Section        0  memseta.o(.text)
    .text                                    0x08000210   Section       36  init.o(.text)
    i.ADC_ConversionStop_Disable             0x08000234   Section        0  stm32f1xx_hal_adc.o(i.ADC_ConversionStop_Disable)
    i.FATFS_LinkDriver                       0x08000280   Section        0  ff_gen_drv.o(i.FATFS_LinkDriver)
    i.HAL_ADC_ConfigChannel                  0x080002b8   Section        0  stm32f1xx_hal_adc.o(i.HAL_ADC_ConfigChannel)
    i.HAL_ADC_Init                           0x0800041c   Section        0  stm32f1xx_hal_adc.o(i.HAL_ADC_Init)
    i.HAL_ADC_MspInit                        0x08000524   Section        0  stm32f1xx_hal_msp.o(i.HAL_ADC_MspInit)
    i.HAL_CRC_Init                           0x08000560   Section        0  stm32f1xx_hal_crc.o(i.HAL_CRC_Init)
    i.HAL_CRC_MspInit                        0x08000584   Section        0  stm32f1xx_hal_msp.o(i.HAL_CRC_MspInit)
    i.HAL_Delay                              0x080005ac   Section        0  stm32f1xx_hal.o(i.HAL_Delay)
    i.HAL_GPIO_Init                          0x080005c4   Section        0  stm32f1xx_hal_gpio.o(i.HAL_GPIO_Init)
    i.HAL_GPIO_TogglePin                     0x0800079c   Section        0  stm32f1xx_hal_gpio.o(i.HAL_GPIO_TogglePin)
    i.HAL_GetTick                            0x080007a4   Section        0  stm32f1xx_hal.o(i.HAL_GetTick)
    i.HAL_I2C_Init                           0x080007b0   Section        0  stm32f1xx_hal_i2c.o(i.HAL_I2C_Init)
    i.HAL_I2C_MspInit                        0x0800088c   Section        0  stm32f1xx_hal_msp.o(i.HAL_I2C_MspInit)
    i.HAL_IWDG_Init                          0x080008e0   Section        0  stm32f1xx_hal_iwdg.o(i.HAL_IWDG_Init)
    i.HAL_IWDG_MspInit                       0x0800093a   Section        0  stm32f1xx_hal_msp.o(i.HAL_IWDG_MspInit)
    i.HAL_IncTick                            0x0800093c   Section        0  stm32f1xx_hal.o(i.HAL_IncTick)
    i.HAL_Init                               0x0800094c   Section        0  stm32f1xx_hal.o(i.HAL_Init)
    i.HAL_InitTick                           0x08000970   Section        0  stm32f1xx_hal.o(i.HAL_InitTick)
    i.HAL_MspInit                            0x08000994   Section        0  stm32f1xx_hal_msp.o(i.HAL_MspInit)
    i.HAL_NVIC_SetPriority                   0x080009bc   Section        0  stm32f1xx_hal_cortex.o(i.HAL_NVIC_SetPriority)
    i.HAL_NVIC_SetPriorityGrouping           0x080009fc   Section        0  stm32f1xx_hal_cortex.o(i.HAL_NVIC_SetPriorityGrouping)
    i.HAL_RCCEx_PeriphCLKConfig              0x08000a20   Section        0  stm32f1xx_hal_rcc_ex.o(i.HAL_RCCEx_PeriphCLKConfig)
    i.HAL_RCC_ClockConfig                    0x08000b44   Section        0  stm32f1xx_hal_rcc_ex.o(i.HAL_RCC_ClockConfig)
    i.HAL_RCC_GetHCLKFreq                    0x08000dcc   Section        0  stm32f1xx_hal_rcc.o(i.HAL_RCC_GetHCLKFreq)
    i.HAL_RCC_GetPCLK1Freq                   0x08000e00   Section        0  stm32f1xx_hal_rcc.o(i.HAL_RCC_GetPCLK1Freq)
    i.HAL_RCC_GetPCLK2Freq                   0x08000e2c   Section        0  stm32f1xx_hal_rcc.o(i.HAL_RCC_GetPCLK2Freq)
    i.HAL_RCC_GetSysClockFreq                0x08000e58   Section        0  stm32f1xx_hal_rcc.o(i.HAL_RCC_GetSysClockFreq)
    i.HAL_RCC_OscConfig                      0x08000ee8   Section        0  stm32f1xx_hal_rcc.o(i.HAL_RCC_OscConfig)
    i.HAL_SPI_Init                           0x08001588   Section        0  stm32f1xx_hal_spi_ex.o(i.HAL_SPI_Init)
    i.HAL_SPI_MspInit                        0x08001610   Section        0  stm32f1xx_hal_msp.o(i.HAL_SPI_MspInit)
    i.HAL_SYSTICK_Config                     0x08001668   Section        0  stm32f1xx_hal_cortex.o(i.HAL_SYSTICK_Config)
    i.HAL_TIMEx_ConfigBreakDeadTime          0x08001690   Section        0  stm32f1xx_hal_tim_ex.o(i.HAL_TIMEx_ConfigBreakDeadTime)
    i.HAL_TIMEx_MasterConfigSynchronization  0x080016d2   Section        0  stm32f1xx_hal_tim_ex.o(i.HAL_TIMEx_MasterConfigSynchronization)
    i.HAL_TIM_PWM_ConfigChannel              0x08001722   Section        0  stm32f1xx_hal_tim.o(i.HAL_TIM_PWM_ConfigChannel)
    i.HAL_TIM_PWM_Init                       0x080017f0   Section        0  stm32f1xx_hal_tim.o(i.HAL_TIM_PWM_Init)
    i.HAL_TIM_PWM_MspInit                    0x08001828   Section        0  stm32f1xx_hal_msp.o(i.HAL_TIM_PWM_MspInit)
    i.HAL_TIM_PWM_Start                      0x080018bc   Section        0  stm32f1xx_hal_tim.o(i.HAL_TIM_PWM_Start)
    i.HAL_UART_Init                          0x080018ec   Section        0  stm32f1xx_hal_uart.o(i.HAL_UART_Init)
    i.HAL_UART_MspInit                       0x0800194c   Section        0  stm32f1xx_hal_msp.o(i.HAL_UART_MspInit)
    i.MX_GPIO_Init                           0x080019f0   Section        0  main.o(i.MX_GPIO_Init)
    MX_GPIO_Init                             0x080019f1   Thumb Code   192  main.o(i.MX_GPIO_Init)
    i.MX_SPI2_Init                           0x08001ac8   Section        0  main.o(i.MX_SPI2_Init)
    MX_SPI2_Init                             0x08001ac9   Thumb Code    40  main.o(i.MX_SPI2_Init)
    i.MX_TIM1_Init                           0x08001af8   Section        0  main.o(i.MX_TIM1_Init)
    MX_TIM1_Init                             0x08001af9   Thumb Code   174  main.o(i.MX_TIM1_Init)
    i.MX_TIM2_Init                           0x08001bb8   Section        0  main.o(i.MX_TIM2_Init)
    MX_TIM2_Init                             0x08001bb9   Thumb Code    92  main.o(i.MX_TIM2_Init)
    i.NVIC_SetPriority                       0x08001c18   Section        0  stm32f1xx_hal_cortex.o(i.NVIC_SetPriority)
    NVIC_SetPriority                         0x08001c19   Thumb Code    22  stm32f1xx_hal_cortex.o(i.NVIC_SetPriority)
    i.StartDefaultTask                       0x08001c38   Section        0  main.o(i.StartDefaultTask)
    i.SysTick_Handler                        0x08001c7c   Section        0  stm32f1xx_it.o(i.SysTick_Handler)
    i.SystemClock_Config                     0x08001c94   Section        0  main.o(i.SystemClock_Config)
    i.SystemInit                             0x08001ce8   Section        0  system_stm32f1xx.o(i.SystemInit)
    i.TIM_Base_SetConfig                     0x08001d30   Section        0  stm32f1xx_hal_tim.o(i.TIM_Base_SetConfig)
    i.TIM_CCxChannelCmd                      0x08001d94   Section        0  stm32f1xx_hal_tim.o(i.TIM_CCxChannelCmd)
    i.TIM_OC1_SetConfig                      0x08001dac   Section        0  stm32f1xx_hal_tim.o(i.TIM_OC1_SetConfig)
    TIM_OC1_SetConfig                        0x08001dad   Thumb Code    74  stm32f1xx_hal_tim.o(i.TIM_OC1_SetConfig)
    i.TIM_OC2_SetConfig                      0x08001dfc   Section        0  stm32f1xx_hal_tim.o(i.TIM_OC2_SetConfig)
    i.TIM_OC3_SetConfig                      0x08001e54   Section        0  stm32f1xx_hal_tim.o(i.TIM_OC3_SetConfig)
    TIM_OC3_SetConfig                        0x08001e55   Thumb Code    82  stm32f1xx_hal_tim.o(i.TIM_OC3_SetConfig)
    i.TIM_OC4_SetConfig                      0x08001eac   Section        0  stm32f1xx_hal_tim.o(i.TIM_OC4_SetConfig)
    TIM_OC4_SetConfig                        0x08001ead   Thumb Code    64  stm32f1xx_hal_tim.o(i.TIM_OC4_SetConfig)
    i.UART_SetConfig                         0x08001ef0   Section        0  stm32f1xx_hal_uart.o(i.UART_SetConfig)
    UART_SetConfig                           0x08001ef1   Thumb Code   220  stm32f1xx_hal_uart.o(i.UART_SetConfig)
    i.USER_initialize                        0x08001fd0   Section        0  user_diskio.o(i.USER_initialize)
    i.USER_ioctl                             0x08001fe8   Section        0  user_diskio.o(i.USER_ioctl)
    i.USER_read                              0x08001fec   Section        0  user_diskio.o(i.USER_read)
    i.USER_status                            0x08001ff0   Section        0  user_diskio.o(i.USER_status)
    i.USER_write                             0x08002008   Section        0  user_diskio.o(i.USER_write)
    i.__scatterload_copy                     0x0800200c   Section       14  handlers.o(i.__scatterload_copy)
    i.__scatterload_null                     0x0800201a   Section        2  handlers.o(i.__scatterload_null)
    i.__scatterload_zeroinit                 0x0800201c   Section       14  handlers.o(i.__scatterload_zeroinit)
    i.main                                   0x0800202c   Section        0  main.o(i.main)
    i.makeFreeRtosPriority                   0x08002134   Section        0  cmsis_os.o(i.makeFreeRtosPriority)
    makeFreeRtosPriority                     0x08002135   Thumb Code    12  cmsis_os.o(i.makeFreeRtosPriority)
    i.osDelay                                0x08002140   Section        0  cmsis_os.o(i.osDelay)
    i.osKernelStart                          0x0800214e   Section        0  cmsis_os.o(i.osKernelStart)
    i.osThreadCreate                         0x08002158   Section        0  cmsis_os.o(i.osThreadCreate)
    i.prvAddCurrentTaskToDelayedList         0x08002190   Section        0  tasks.o(i.prvAddCurrentTaskToDelayedList)
    prvAddCurrentTaskToDelayedList           0x08002191   Thumb Code    48  tasks.o(i.prvAddCurrentTaskToDelayedList)
    i.prvCheckTasksWaitingTermination        0x080021c4   Section        0  tasks.o(i.prvCheckTasksWaitingTermination)
    prvCheckTasksWaitingTermination          0x080021c5   Thumb Code    76  tasks.o(i.prvCheckTasksWaitingTermination)
    i.prvHeapInit                            0x08002218   Section        0  heap_4.o(i.prvHeapInit)
    prvHeapInit                              0x08002219   Thumb Code    66  heap_4.o(i.prvHeapInit)
    i.prvIdleTask                            0x08002264   Section        0  tasks.o(i.prvIdleTask)
    prvIdleTask                              0x08002265   Thumb Code    20  tasks.o(i.prvIdleTask)
    i.prvInsertBlockIntoFreeList             0x0800227c   Section        0  heap_4.o(i.prvInsertBlockIntoFreeList)
    prvInsertBlockIntoFreeList               0x0800227d   Thumb Code    72  heap_4.o(i.prvInsertBlockIntoFreeList)
    i.prvResetNextTaskUnblockTime            0x080022c8   Section        0  tasks.o(i.prvResetNextTaskUnblockTime)
    prvResetNextTaskUnblockTime              0x080022c9   Thumb Code    26  tasks.o(i.prvResetNextTaskUnblockTime)
    i.prvTaskExitError                       0x080022e8   Section        0  port.o(i.prvTaskExitError)
    prvTaskExitError                         0x080022e9   Thumb Code    20  port.o(i.prvTaskExitError)
    i.pvPortMalloc                           0x08002300   Section        0  heap_4.o(i.pvPortMalloc)
    i.pxPortInitialiseStack                  0x080023bc   Section        0  port.o(i.pxPortInitialiseStack)
    i.uxListRemove                           0x080023dc   Section        0  list.o(i.uxListRemove)
    i.vListInitialise                        0x08002400   Section        0  list.o(i.vListInitialise)
    i.vListInitialiseItem                    0x08002416   Section        0  list.o(i.vListInitialiseItem)
    i.vListInsert                            0x0800241c   Section        0  list.o(i.vListInsert)
    i.vListInsertEnd                         0x0800244c   Section        0  list.o(i.vListInsertEnd)
    i.vPortEnterCritical                     0x08002464   Section        0  port.o(i.vPortEnterCritical)
    i.vPortExitCritical                      0x08002498   Section        0  port.o(i.vPortExitCritical)
    i.vPortFree                              0x080024bc   Section        0  heap_4.o(i.vPortFree)
    i.vPortSetupTimerInterrupt               0x08002504   Section        0  port.o(i.vPortSetupTimerInterrupt)
    i.vPortYield                             0x08002524   Section        0  port.o(i.vPortYield)
    i.vTaskDelay                             0x0800253c   Section        0  tasks.o(i.vTaskDelay)
    i.vTaskStartScheduler                    0x0800258c   Section        0  tasks.o(i.vTaskStartScheduler)
    i.vTaskSuspendAll                        0x080025d8   Section        0  tasks.o(i.vTaskSuspendAll)
    i.vTaskSwitchContext                     0x080025e8   Section        0  tasks.o(i.vTaskSwitchContext)
    i.xPortStartScheduler                    0x0800263c   Section        0  port.o(i.xPortStartScheduler)
    i.xPortSysTickHandler                    0x080026b4   Section        0  port.o(i.xPortSysTickHandler)
    i.xTaskGenericCreate                     0x080026d8   Section        0  tasks.o(i.xTaskGenericCreate)
    i.xTaskGetSchedulerState                 0x0800285c   Section        0  tasks.o(i.xTaskGetSchedulerState)
    i.xTaskIncrementTick                     0x08002878   Section        0  tasks.o(i.xTaskIncrementTick)
    i.xTaskResumeAll                         0x08002938   Section        0  tasks.o(i.xTaskResumeAll)
    .constdata                               0x080029e4   Section       16  stm32f1xx_hal_rcc.o(.constdata)
    .constdata                               0x080029f4   Section       20  main.o(.constdata)
    .conststring                             0x08002a08   Section       12  main.o(.conststring)
    .data                                    0x20000000   Section       12  port.o(.data)
    ucMaxSysCallPriority                     0x20000000   Data           1  port.o(.data)
    uxCriticalNesting                        0x20000004   Data           4  port.o(.data)
    ulMaxPRIGROUPValue                       0x20000008   Data           4  port.o(.data)
    .data                                    0x2000000c   Section       24  heap_4.o(.data)
    pxEnd                                    0x2000000c   Data           4  heap_4.o(.data)
    xFreeBytesRemaining                      0x20000010   Data           4  heap_4.o(.data)
    xMinimumEverFreeBytesRemaining           0x20000014   Data           4  heap_4.o(.data)
    xBlockAllocatedBit                       0x20000018   Data           4  heap_4.o(.data)
    xStart                                   0x2000001c   Data           8  heap_4.o(.data)
    .data                                    0x20000024   Section       56  tasks.o(.data)
    uxTasksDeleted                           0x20000028   Data           4  tasks.o(.data)
    uxCurrentNumberOfTasks                   0x2000002c   Data           4  tasks.o(.data)
    xTickCount                               0x20000030   Data           4  tasks.o(.data)
    uxTopReadyPriority                       0x20000034   Data           4  tasks.o(.data)
    xSchedulerRunning                        0x20000038   Data           4  tasks.o(.data)
    uxPendedTicks                            0x2000003c   Data           4  tasks.o(.data)
    xYieldPending                            0x20000040   Data           4  tasks.o(.data)
    xNumOfOverflows                          0x20000044   Data           4  tasks.o(.data)
    uxTaskNumber                             0x20000048   Data           4  tasks.o(.data)
    xNextTaskUnblockTime                     0x2000004c   Data           4  tasks.o(.data)
    uxSchedulerSuspended                     0x20000050   Data           4  tasks.o(.data)
    pxDelayedTaskList                        0x20000054   Data           4  tasks.o(.data)
    pxOverflowDelayedTaskList                0x20000058   Data           4  tasks.o(.data)
    .data                                    0x2000005c   Section        4  stm32f1xx_hal.o(.data)
    uwTick                                   0x2000005c   Data           4  stm32f1xx_hal.o(.data)
    .data                                    0x20000060   Section        1  stm32f1xx_hal_spi_ex.o(.data)
    .data                                    0x20000064   Section       20  main.o(.data)
    .data                                    0x20000078   Section        1  user_diskio.o(.data)
    Stat                                     0x20000078   Data           1  user_diskio.o(.data)
    .data                                    0x2000007c   Section       20  user_diskio.o(.data)
    .data                                    0x20000090   Section       20  system_stm32f1xx.o(.data)
    .bss                                     0x200000a4   Section     2000  heap_4.o(.bss)
    ucHeap                                   0x200000a4   Data        2000  heap_4.o(.bss)
    .bss                                     0x20000874   Section      240  tasks.o(.bss)
    pxReadyTasksLists                        0x20000874   Data         140  tasks.o(.bss)
    xDelayedTaskList1                        0x20000900   Data          20  tasks.o(.bss)
    xDelayedTaskList2                        0x20000914   Data          20  tasks.o(.bss)
    xPendingReadyList                        0x20000928   Data          20  tasks.o(.bss)
    xTasksWaitingTermination                 0x2000093c   Data          20  tasks.o(.bss)
    xSuspendedTaskList                       0x20000950   Data          20  tasks.o(.bss)
    .bss                                     0x20000964   Section      460  main.o(.bss)
    .bss                                     0x20000b30   Section       12  ff_gen_drv.o(.bss)
    STACK                                    0x20000b40   Section     1024  startup_stm32f103xb.o(STACK)

    Global Symbols

    Symbol Name                              Value     Ov Type        Size  Object(Section)

    BuildAttributes$$THM_ISAv4$P$D$K$B$S$PE$A:L22UL41UL21$X:L11$S22US41US21$IEEE1$IW$USESV6$~STKCKD$USESV7$~SHL$OSPACE$EBA8$MICROLIB$REQ8$PRES8$EABIv2 0x00000000   Number         0  anon$$obj.o ABSOLUTE
    __ARM_use_no_argv                        0x00000000   Number         0  main.o ABSOLUTE
    __cpp_initialize__aeabi_                  - Undefined Weak Reference
    __cxa_finalize                            - Undefined Weak Reference
    __decompress                              - Undefined Weak Reference
    _clock_init                               - Undefined Weak Reference
    _microlib_exit                            - Undefined Weak Reference
    __Vectors_Size                           0x000000ec   Number         0  startup_stm32f103xb.o ABSOLUTE
    __Vectors                                0x08000000   Data           4  startup_stm32f103xb.o(RESET)
    __Vectors_End                            0x080000ec   Data           0  startup_stm32f103xb.o(RESET)
    __main                                   0x080000ed   Thumb Code     0  entry.o(.ARM.Collect$$$$00000000)
    _main_stk                                0x080000ed   Thumb Code     0  entry2.o(.ARM.Collect$$$$00000001)
    _main_scatterload                        0x080000f1   Thumb Code     0  entry5.o(.ARM.Collect$$$$00000004)
    __main_after_scatterload                 0x080000f5   Thumb Code     0  entry5.o(.ARM.Collect$$$$00000004)
    _main_clock                              0x080000f5   Thumb Code     0  entry7b.o(.ARM.Collect$$$$00000008)
    _main_cpp_init                           0x080000f5   Thumb Code     0  entry8b.o(.ARM.Collect$$$$0000000A)
    _main_init                               0x080000f5   Thumb Code     0  entry9a.o(.ARM.Collect$$$$0000000B)
    __rt_final_cpp                           0x080000fd   Thumb Code     0  entry10a.o(.ARM.Collect$$$$0000000D)
    __rt_final_exit                          0x080000fd   Thumb Code     0  entry11a.o(.ARM.Collect$$$$0000000F)
    SVC_Handler                              0x08000101   Thumb Code    32  port.o(.emb_text)
    __asm___6_port_c_39a90d8d__prvStartFirstTask 0x08000125   Thumb Code    28  port.o(.emb_text)
    PendSV_Handler                           0x08000145   Thumb Code    64  port.o(.emb_text)
    ulPortSetInterruptMask                   0x08000189   Thumb Code    14  port.o(.emb_text)
    vPortClearInterruptMask                  0x08000197   Thumb Code     6  port.o(.emb_text)
    vPortGetIPSR                             0x0800019d   Thumb Code     6  port.o(.emb_text)
    Reset_Handler                            0x080001a5   Thumb Code     8  startup_stm32f103xb.o(.text)
    NMI_Handler                              0x080001ad   Thumb Code     2  startup_stm32f103xb.o(.text)
    HardFault_Handler                        0x080001af   Thumb Code     2  startup_stm32f103xb.o(.text)
    MemManage_Handler                        0x080001b1   Thumb Code     2  startup_stm32f103xb.o(.text)
    BusFault_Handler                         0x080001b3   Thumb Code     2  startup_stm32f103xb.o(.text)
    UsageFault_Handler                       0x080001b5   Thumb Code     2  startup_stm32f103xb.o(.text)
    DebugMon_Handler                         0x080001b9   Thumb Code     2  startup_stm32f103xb.o(.text)
    ADC1_2_IRQHandler                        0x080001bf   Thumb Code     0  startup_stm32f103xb.o(.text)
    CAN1_RX1_IRQHandler                      0x080001bf   Thumb Code     0  startup_stm32f103xb.o(.text)
    CAN1_SCE_IRQHandler                      0x080001bf   Thumb Code     0  startup_stm32f103xb.o(.text)
    DMA1_Channel1_IRQHandler                 0x080001bf   Thumb Code     0  startup_stm32f103xb.o(.text)
    DMA1_Channel2_IRQHandler                 0x080001bf   Thumb Code     0  startup_stm32f103xb.o(.text)
    DMA1_Channel3_IRQHandler                 0x080001bf   Thumb Code     0  startup_stm32f103xb.o(.text)
    DMA1_Channel4_IRQHandler                 0x080001bf   Thumb Code     0  startup_stm32f103xb.o(.text)
    DMA1_Channel5_IRQHandler                 0x080001bf   Thumb Code     0  startup_stm32f103xb.o(.text)
    DMA1_Channel6_IRQHandler                 0x080001bf   Thumb Code     0  startup_stm32f103xb.o(.text)
    DMA1_Channel7_IRQHandler                 0x080001bf   Thumb Code     0  startup_stm32f103xb.o(.text)
    EXTI0_IRQHandler                         0x080001bf   Thumb Code     0  startup_stm32f103xb.o(.text)
    EXTI15_10_IRQHandler                     0x080001bf   Thumb Code     0  startup_stm32f103xb.o(.text)
    EXTI1_IRQHandler                         0x080001bf   Thumb Code     0  startup_stm32f103xb.o(.text)
    EXTI2_IRQHandler                         0x080001bf   Thumb Code     0  startup_stm32f103xb.o(.text)
    EXTI3_IRQHandler                         0x080001bf   Thumb Code     0  startup_stm32f103xb.o(.text)
    EXTI4_IRQHandler                         0x080001bf   Thumb Code     0  startup_stm32f103xb.o(.text)
    EXTI9_5_IRQHandler                       0x080001bf   Thumb Code     0  startup_stm32f103xb.o(.text)
    FLASH_IRQHandler                         0x080001bf   Thumb Code     0  startup_stm32f103xb.o(.text)
    I2C1_ER_IRQHandler                       0x080001bf   Thumb Code     0  startup_stm32f103xb.o(.text)
    I2C1_EV_IRQHandler                       0x080001bf   Thumb Code     0  startup_stm32f103xb.o(.text)
    I2C2_ER_IRQHandler                       0x080001bf   Thumb Code     0  startup_stm32f103xb.o(.text)
    I2C2_EV_IRQHandler                       0x080001bf   Thumb Code     0  startup_stm32f103xb.o(.text)
    PVD_IRQHandler                           0x080001bf   Thumb Code     0  startup_stm32f103xb.o(.text)
    RCC_IRQHandler                           0x080001bf   Thumb Code     0  startup_stm32f103xb.o(.text)
    RTC_Alarm_IRQHandler                     0x080001bf   Thumb Code     0  startup_stm32f103xb.o(.text)
    RTC_IRQHandler                           0x080001bf   Thumb Code     0  startup_stm32f103xb.o(.text)
    SPI1_IRQHandler                          0x080001bf   Thumb Code     0  startup_stm32f103xb.o(.text)
    SPI2_IRQHandler                          0x080001bf   Thumb Code     0  startup_stm32f103xb.o(.text)
    TAMPER_IRQHandler                        0x080001bf   Thumb Code     0  startup_stm32f103xb.o(.text)
    TIM1_BRK_IRQHandler                      0x080001bf   Thumb Code     0  startup_stm32f103xb.o(.text)
    TIM1_CC_IRQHandler                       0x080001bf   Thumb Code     0  startup_stm32f103xb.o(.text)
    TIM1_TRG_COM_IRQHandler                  0x080001bf   Thumb Code     0  startup_stm32f103xb.o(.text)
    TIM1_UP_IRQHandler                       0x080001bf   Thumb Code     0  startup_stm32f103xb.o(.text)
    TIM2_IRQHandler                          0x080001bf   Thumb Code     0  startup_stm32f103xb.o(.text)
    TIM3_IRQHandler                          0x080001bf   Thumb Code     0  startup_stm32f103xb.o(.text)
    TIM4_IRQHandler                          0x080001bf   Thumb Code     0  startup_stm32f103xb.o(.text)
    USART1_IRQHandler                        0x080001bf   Thumb Code     0  startup_stm32f103xb.o(.text)
    USART2_IRQHandler                        0x080001bf   Thumb Code     0  startup_stm32f103xb.o(.text)
    USART3_IRQHandler                        0x080001bf   Thumb Code     0  startup_stm32f103xb.o(.text)
    USBWakeUp_IRQHandler                     0x080001bf   Thumb Code     0  startup_stm32f103xb.o(.text)
    USB_HP_CAN1_TX_IRQHandler                0x080001bf   Thumb Code     0  startup_stm32f103xb.o(.text)
    USB_LP_CAN1_RX0_IRQHandler               0x080001bf   Thumb Code     0  startup_stm32f103xb.o(.text)
    WWDG_IRQHandler                          0x080001bf   Thumb Code     0  startup_stm32f103xb.o(.text)
    __aeabi_memcpy                           0x080001c9   Thumb Code    36  memcpya.o(.text)
    __aeabi_memcpy4                          0x080001c9   Thumb Code     0  memcpya.o(.text)
    __aeabi_memcpy8                          0x080001c9   Thumb Code     0  memcpya.o(.text)
    __aeabi_memset                           0x080001ed   Thumb Code    14  memseta.o(.text)
    __aeabi_memset4                          0x080001ed   Thumb Code     0  memseta.o(.text)
    __aeabi_memset8                          0x080001ed   Thumb Code     0  memseta.o(.text)
    __aeabi_memclr                           0x080001fb   Thumb Code     4  memseta.o(.text)
    __aeabi_memclr4                          0x080001fb   Thumb Code     0  memseta.o(.text)
    __aeabi_memclr8                          0x080001fb   Thumb Code     0  memseta.o(.text)
    _memset$wrapper                          0x080001ff   Thumb Code    18  memseta.o(.text)
    __scatterload                            0x08000211   Thumb Code    28  init.o(.text)
    __scatterload_rt2                        0x08000211   Thumb Code     0  init.o(.text)
    ADC_ConversionStop_Disable               0x08000235   Thumb Code    74  stm32f1xx_hal_adc.o(i.ADC_ConversionStop_Disable)
    FATFS_LinkDriver                         0x08000281   Thumb Code    52  ff_gen_drv.o(i.FATFS_LinkDriver)
    HAL_ADC_ConfigChannel                    0x080002b9   Thumb Code   344  stm32f1xx_hal_adc.o(i.HAL_ADC_ConfigChannel)
    HAL_ADC_Init                             0x0800041d   Thumb Code   256  stm32f1xx_hal_adc.o(i.HAL_ADC_Init)
    HAL_ADC_MspInit                          0x08000525   Thumb Code    48  stm32f1xx_hal_msp.o(i.HAL_ADC_MspInit)
    HAL_CRC_Init                             0x08000561   Thumb Code    34  stm32f1xx_hal_crc.o(i.HAL_CRC_Init)
    HAL_CRC_MspInit                          0x08000585   Thumb Code    30  stm32f1xx_hal_msp.o(i.HAL_CRC_MspInit)
    HAL_Delay                                0x080005ad   Thumb Code    22  stm32f1xx_hal.o(i.HAL_Delay)
    HAL_GPIO_Init                            0x080005c5   Thumb Code   436  stm32f1xx_hal_gpio.o(i.HAL_GPIO_Init)
    HAL_GPIO_TogglePin                       0x0800079d   Thumb Code     8  stm32f1xx_hal_gpio.o(i.HAL_GPIO_TogglePin)
    HAL_GetTick                              0x080007a5   Thumb Code     6  stm32f1xx_hal.o(i.HAL_GetTick)
    HAL_I2C_Init                             0x080007b1   Thumb Code   212  stm32f1xx_hal_i2c.o(i.HAL_I2C_Init)
    HAL_I2C_MspInit                          0x0800088d   Thumb Code    66  stm32f1xx_hal_msp.o(i.HAL_I2C_MspInit)
    HAL_IWDG_Init                            0x080008e1   Thumb Code    90  stm32f1xx_hal_iwdg.o(i.HAL_IWDG_Init)
    HAL_IWDG_MspInit                         0x0800093b   Thumb Code     2  stm32f1xx_hal_msp.o(i.HAL_IWDG_MspInit)
    HAL_IncTick                              0x0800093d   Thumb Code    10  stm32f1xx_hal.o(i.HAL_IncTick)
    HAL_Init                                 0x0800094d   Thumb Code    32  stm32f1xx_hal.o(i.HAL_Init)
    HAL_InitTick                             0x08000971   Thumb Code    34  stm32f1xx_hal.o(i.HAL_InitTick)
    HAL_MspInit                              0x08000995   Thumb Code    34  stm32f1xx_hal_msp.o(i.HAL_MspInit)
    HAL_NVIC_SetPriority                     0x080009bd   Thumb Code    60  stm32f1xx_hal_cortex.o(i.HAL_NVIC_SetPriority)
    HAL_NVIC_SetPriorityGrouping             0x080009fd   Thumb Code    26  stm32f1xx_hal_cortex.o(i.HAL_NVIC_SetPriorityGrouping)
    HAL_RCCEx_PeriphCLKConfig                0x08000a21   Thumb Code   278  stm32f1xx_hal_rcc_ex.o(i.HAL_RCCEx_PeriphCLKConfig)
    HAL_RCC_ClockConfig                      0x08000b45   Thumb Code   638  stm32f1xx_hal_rcc_ex.o(i.HAL_RCC_ClockConfig)
    HAL_RCC_GetHCLKFreq                      0x08000dcd   Thumb Code    38  stm32f1xx_hal_rcc.o(i.HAL_RCC_GetHCLKFreq)
    HAL_RCC_GetPCLK1Freq                     0x08000e01   Thumb Code    36  stm32f1xx_hal_rcc.o(i.HAL_RCC_GetPCLK1Freq)
    HAL_RCC_GetPCLK2Freq                     0x08000e2d   Thumb Code    36  stm32f1xx_hal_rcc.o(i.HAL_RCC_GetPCLK2Freq)
    HAL_RCC_GetSysClockFreq                  0x08000e59   Thumb Code   112  stm32f1xx_hal_rcc.o(i.HAL_RCC_GetSysClockFreq)
    HAL_RCC_OscConfig                        0x08000ee9   Thumb Code  1694  stm32f1xx_hal_rcc.o(i.HAL_RCC_OscConfig)
    HAL_SPI_Init                             0x08001589   Thumb Code   132  stm32f1xx_hal_spi_ex.o(i.HAL_SPI_Init)
    HAL_SPI_MspInit                          0x08001611   Thumb Code    76  stm32f1xx_hal_msp.o(i.HAL_SPI_MspInit)
    HAL_SYSTICK_Config                       0x08001669   Thumb Code    40  stm32f1xx_hal_cortex.o(i.HAL_SYSTICK_Config)
    HAL_TIMEx_ConfigBreakDeadTime            0x08001691   Thumb Code    66  stm32f1xx_hal_tim_ex.o(i.HAL_TIMEx_ConfigBreakDeadTime)
    HAL_TIMEx_MasterConfigSynchronization    0x080016d3   Thumb Code    80  stm32f1xx_hal_tim_ex.o(i.HAL_TIMEx_MasterConfigSynchronization)
    HAL_TIM_PWM_ConfigChannel                0x08001723   Thumb Code   206  stm32f1xx_hal_tim.o(i.HAL_TIM_PWM_ConfigChannel)
    HAL_TIM_PWM_Init                         0x080017f1   Thumb Code    54  stm32f1xx_hal_tim.o(i.HAL_TIM_PWM_Init)
    HAL_TIM_PWM_MspInit                      0x08001829   Thumb Code   126  stm32f1xx_hal_msp.o(i.HAL_TIM_PWM_MspInit)
    HAL_TIM_PWM_Start                        0x080018bd   Thumb Code    42  stm32f1xx_hal_tim.o(i.HAL_TIM_PWM_Start)
    HAL_UART_Init                            0x080018ed   Thumb Code    94  stm32f1xx_hal_uart.o(i.HAL_UART_Init)
    HAL_UART_MspInit                         0x0800194d   Thumb Code   140  stm32f1xx_hal_msp.o(i.HAL_UART_MspInit)
    StartDefaultTask                         0x08001c39   Thumb Code    54  main.o(i.StartDefaultTask)
    SysTick_Handler                          0x08001c7d   Thumb Code    22  stm32f1xx_it.o(i.SysTick_Handler)
    SystemClock_Config                       0x08001c95   Thumb Code    80  main.o(i.SystemClock_Config)
    SystemInit                               0x08001ce9   Thumb Code    56  system_stm32f1xx.o(i.SystemInit)
    TIM_Base_SetConfig                       0x08001d31   Thumb Code    86  stm32f1xx_hal_tim.o(i.TIM_Base_SetConfig)
    TIM_CCxChannelCmd                        0x08001d95   Thumb Code    22  stm32f1xx_hal_tim.o(i.TIM_CCxChannelCmd)
    TIM_OC2_SetConfig                        0x08001dfd   Thumb Code    84  stm32f1xx_hal_tim.o(i.TIM_OC2_SetConfig)
    USER_initialize                          0x08001fd1   Thumb Code    18  user_diskio.o(i.USER_initialize)
    USER_ioctl                               0x08001fe9   Thumb Code     4  user_diskio.o(i.USER_ioctl)
    USER_read                                0x08001fed   Thumb Code     4  user_diskio.o(i.USER_read)
    USER_status                              0x08001ff1   Thumb Code    18  user_diskio.o(i.USER_status)
    USER_write                               0x08002009   Thumb Code     4  user_diskio.o(i.USER_write)
    __scatterload_copy                       0x0800200d   Thumb Code    14  handlers.o(i.__scatterload_copy)
    __scatterload_null                       0x0800201b   Thumb Code     2  handlers.o(i.__scatterload_null)
    __scatterload_zeroinit                   0x0800201d   Thumb Code    14  handlers.o(i.__scatterload_zeroinit)
    main                                     0x0800202d   Thumb Code   220  main.o(i.main)
    osDelay                                  0x08002141   Thumb Code    14  cmsis_os.o(i.osDelay)
    osKernelStart                            0x0800214f   Thumb Code    10  cmsis_os.o(i.osKernelStart)
    osThreadCreate                           0x08002159   Thumb Code    56  cmsis_os.o(i.osThreadCreate)
    pvPortMalloc                             0x08002301   Thumb Code   182  heap_4.o(i.pvPortMalloc)
    pxPortInitialiseStack                    0x080023bd   Thumb Code    28  port.o(i.pxPortInitialiseStack)
    uxListRemove                             0x080023dd   Thumb Code    36  list.o(i.uxListRemove)
    vListInitialise                          0x08002401   Thumb Code    22  list.o(i.vListInitialise)
    vListInitialiseItem                      0x08002417   Thumb Code     6  list.o(i.vListInitialiseItem)
    vListInsert                              0x0800241d   Thumb Code    48  list.o(i.vListInsert)
    vListInsertEnd                           0x0800244d   Thumb Code    24  list.o(i.vListInsertEnd)
    vPortEnterCritical                       0x08002465   Thumb Code    42  port.o(i.vPortEnterCritical)
    vPortExitCritical                        0x08002499   Thumb Code    30  port.o(i.vPortExitCritical)
    vPortFree                                0x080024bd   Thumb Code    68  heap_4.o(i.vPortFree)
    vPortSetupTimerInterrupt                 0x08002505   Thumb Code    26  port.o(i.vPortSetupTimerInterrupt)
    vPortYield                               0x08002525   Thumb Code    18  port.o(i.vPortYield)
    vTaskDelay                               0x0800253d   Thumb Code    76  tasks.o(i.vTaskDelay)
    vTaskStartScheduler                      0x0800258d   Thumb Code    60  tasks.o(i.vTaskStartScheduler)
    vTaskSuspendAll                          0x080025d9   Thumb Code    10  tasks.o(i.vTaskSuspendAll)
    vTaskSwitchContext                       0x080025e9   Thumb Code    74  tasks.o(i.vTaskSwitchContext)
    xPortStartScheduler                      0x0800263d   Thumb Code   106  port.o(i.xPortStartScheduler)
    xPortSysTickHandler                      0x080026b5   Thumb Code    30  port.o(i.xPortSysTickHandler)
    xTaskGenericCreate                       0x080026d9   Thumb Code   380  tasks.o(i.xTaskGenericCreate)
    xTaskGetSchedulerState                   0x0800285d   Thumb Code    22  tasks.o(i.xTaskGetSchedulerState)
    xTaskIncrementTick                       0x08002879   Thumb Code   184  tasks.o(i.xTaskIncrementTick)
    xTaskResumeAll                           0x08002939   Thumb Code   162  tasks.o(i.xTaskResumeAll)
    aAPBAHBPrescTable                        0x080029e4   Data          16  stm32f1xx_hal_rcc.o(.constdata)
    Region$$Table$$Base                      0x08002a14   Number         0  anon$$obj.o(Region$$Table)
    Region$$Table$$Limit                     0x08002a34   Number         0  anon$$obj.o(Region$$Table)
    pxCurrentTCB                             0x20000024   Data           4  tasks.o(.data)
    uCRCErrorWorkaroundCheck                 0x20000060   Data           1  stm32f1xx_hal_spi_ex.o(.data)
    retUSER                                  0x20000064   Data           1  main.o(.data)
    defaultTaskHandle                        0x20000068   Data           4  main.o(.data)
    USER_Path                                0x2000006c   Data           4  main.o(.data)
    hcrc                                     0x20000070   Data           8  main.o(.data)
    USER_Driver                              0x2000007c   Data          20  user_diskio.o(.data)
    SystemCoreClock                          0x20000090   Data           4  system_stm32f1xx.o(.data)
    AHBPrescTable                            0x20000094   Data          16  system_stm32f1xx.o(.data)
    hadc1                                    0x20000964   Data          48  main.o(.bss)
    hi2c1                                    0x20000994   Data          60  main.o(.bss)
    hiwdg                                    0x200009d0   Data          16  main.o(.bss)
    hspi2                                    0x200009e0   Data          88  main.o(.bss)
    htim1                                    0x20000a38   Data          60  main.o(.bss)
    htim2                                    0x20000a74   Data          60  main.o(.bss)
    huart1                                   0x20000ab0   Data          64  main.o(.bss)
    huart2                                   0x20000af0   Data          64  main.o(.bss)
    disk                                     0x20000b30   Data          12  ff_gen_drv.o(.bss)
    __initial_sp                             0x20000f40   Data           0  startup_stm32f103xb.o(STACK)



==============================================================================

Memory Map of the image

  Image Entry point : 0x080000ed

  Load Region LR_IROM1 (Base: 0x08000000, Size: 0x00002ad8, Max: 0x00010000, ABSOLUTE)

    Execution Region ER_IROM1 (Base: 0x08000000, Size: 0x00002a34, Max: 0x00010000, ABSOLUTE)

    Base Addr    Size         Type   Attr      Idx    E Section Name        Object

    0x08000000   0x000000ec   Data   RO         5064    RESET               startup_stm32f103xb.o
    0x080000ec   0x00000000   Code   RO         5105  * .ARM.Collect$$$$00000000  mc_w.l(entry.o)
    0x080000ec   0x00000004   Code   RO         5144    .ARM.Collect$$$$00000001  mc_w.l(entry2.o)
    0x080000f0   0x00000004   Code   RO         5147    .ARM.Collect$$$$00000004  mc_w.l(entry5.o)
    0x080000f4   0x00000000   Code   RO         5149    .ARM.Collect$$$$00000008  mc_w.l(entry7b.o)
    0x080000f4   0x00000000   Code   RO         5151    .ARM.Collect$$$$0000000A  mc_w.l(entry8b.o)
    0x080000f4   0x00000008   Code   RO         5152    .ARM.Collect$$$$0000000B  mc_w.l(entry9a.o)
    0x080000fc   0x00000000   Code   RO         5154    .ARM.Collect$$$$0000000D  mc_w.l(entry10a.o)
    0x080000fc   0x00000000   Code   RO         5156    .ARM.Collect$$$$0000000F  mc_w.l(entry11a.o)
    0x080000fc   0x00000004   Code   RO         5145    .ARM.Collect$$$$00002712  mc_w.l(entry2.o)
    0x08000100   0x000000a2   Code   RO          123    .emb_text           port.o
    0x080001a2   0x00000002   PAD
    0x080001a4   0x00000024   Code   RO         5065    .text               startup_stm32f103xb.o
    0x080001c8   0x00000024   Code   RO         5110    .text               mc_w.l(memcpya.o)
    0x080001ec   0x00000024   Code   RO         5112    .text               mc_w.l(memseta.o)
    0x08000210   0x00000024   Code   RO         5160    .text               mc_w.l(init.o)
    0x08000234   0x0000004a   Code   RO         1294    i.ADC_ConversionStop_Disable  stm32f1xx_hal_adc.o
    0x0800027e   0x00000002   PAD
    0x08000280   0x00000038   Code   RO         4572    i.FATFS_LinkDriver  ff_gen_drv.o
    0x080002b8   0x00000164   Code   RO         1300    i.HAL_ADC_ConfigChannel  stm32f1xx_hal_adc.o
    0x0800041c   0x00000108   Code   RO         1309    i.HAL_ADC_Init      stm32f1xx_hal_adc.o
    0x08000524   0x0000003c   Code   RO         4432    i.HAL_ADC_MspInit   stm32f1xx_hal_msp.o
    0x08000560   0x00000022   Code   RO         1238    i.HAL_CRC_Init      stm32f1xx_hal_crc.o
    0x08000582   0x00000002   PAD
    0x08000584   0x00000028   Code   RO         4434    i.HAL_CRC_MspInit   stm32f1xx_hal_msp.o
    0x080005ac   0x00000016   Code   RO         1840    i.HAL_Delay         stm32f1xx_hal.o
    0x080005c2   0x00000002   PAD
    0x080005c4   0x000001d8   Code   RO         1693    i.HAL_GPIO_Init     stm32f1xx_hal_gpio.o
    0x0800079c   0x00000008   Code   RO         1696    i.HAL_GPIO_TogglePin  stm32f1xx_hal_gpio.o
    0x080007a4   0x0000000c   Code   RO         1844    i.HAL_GetTick       stm32f1xx_hal.o
    0x080007b0   0x000000dc   Code   RO         2653    i.HAL_I2C_Init      stm32f1xx_hal_i2c.o
    0x0800088c   0x00000054   Code   RO         4436    i.HAL_I2C_MspInit   stm32f1xx_hal_msp.o
    0x080008e0   0x0000005a   Code   RO         2600    i.HAL_IWDG_Init     stm32f1xx_hal_iwdg.o
    0x0800093a   0x00000002   Code   RO         4437    i.HAL_IWDG_MspInit  stm32f1xx_hal_msp.o
    0x0800093c   0x00000010   Code   RO         1845    i.HAL_IncTick       stm32f1xx_hal.o
    0x0800094c   0x00000024   Code   RO         1846    i.HAL_Init          stm32f1xx_hal.o
    0x08000970   0x00000022   Code   RO         1847    i.HAL_InitTick      stm32f1xx_hal.o
    0x08000992   0x00000002   PAD
    0x08000994   0x00000028   Code   RO         4438    i.HAL_MspInit       stm32f1xx_hal_msp.o
    0x080009bc   0x00000040   Code   RO         2008    i.HAL_NVIC_SetPriority  stm32f1xx_hal_cortex.o
    0x080009fc   0x00000024   Code   RO         2009    i.HAL_NVIC_SetPriorityGrouping  stm32f1xx_hal_cortex.o
    0x08000a20   0x00000124   Code   RO         3675    i.HAL_RCCEx_PeriphCLKConfig  stm32f1xx_hal_rcc_ex.o
    0x08000b44   0x00000288   Code   RO         3676    i.HAL_RCC_ClockConfig  stm32f1xx_hal_rcc_ex.o
    0x08000dcc   0x00000034   Code   RO         1046    i.HAL_RCC_GetHCLKFreq  stm32f1xx_hal_rcc.o
    0x08000e00   0x0000002c   Code   RO         1048    i.HAL_RCC_GetPCLK1Freq  stm32f1xx_hal_rcc.o
    0x08000e2c   0x0000002c   Code   RO         1049    i.HAL_RCC_GetPCLK2Freq  stm32f1xx_hal_rcc.o
    0x08000e58   0x00000090   Code   RO         1050    i.HAL_RCC_GetSysClockFreq  stm32f1xx_hal_rcc.o
    0x08000ee8   0x0000069e   Code   RO         1053    i.HAL_RCC_OscConfig  stm32f1xx_hal_rcc.o
    0x08001586   0x00000002   PAD
    0x08001588   0x00000088   Code   RO         1967    i.HAL_SPI_Init      stm32f1xx_hal_spi_ex.o
    0x08001610   0x00000058   Code   RO         4440    i.HAL_SPI_MspInit   stm32f1xx_hal_msp.o
    0x08001668   0x00000028   Code   RO         2013    i.HAL_SYSTICK_Config  stm32f1xx_hal_cortex.o
    0x08001690   0x00000042   Code   RO         3759    i.HAL_TIMEx_ConfigBreakDeadTime  stm32f1xx_hal_tim_ex.o
    0x080016d2   0x00000050   Code   RO         3774    i.HAL_TIMEx_MasterConfigSynchronization  stm32f1xx_hal_tim_ex.o
    0x08001722   0x000000ce   Code   RO         3110    i.HAL_TIM_PWM_ConfigChannel  stm32f1xx_hal_tim.o
    0x080017f0   0x00000036   Code   RO         3113    i.HAL_TIM_PWM_Init  stm32f1xx_hal_tim.o
    0x08001826   0x00000002   PAD
    0x08001828   0x00000094   Code   RO         4442    i.HAL_TIM_PWM_MspInit  stm32f1xx_hal_msp.o
    0x080018bc   0x00000030   Code   RO         3117    i.HAL_TIM_PWM_Start  stm32f1xx_hal_tim.o
    0x080018ec   0x0000005e   Code   RO         2378    i.HAL_UART_Init     stm32f1xx_hal_uart.o
    0x0800194a   0x00000002   PAD
    0x0800194c   0x000000a4   Code   RO         4444    i.HAL_UART_MspInit  stm32f1xx_hal_msp.o
    0x080019f0   0x000000d8   Code   RO         4086    i.MX_GPIO_Init      main.o
    0x08001ac8   0x00000030   Code   RO         4087    i.MX_SPI2_Init      main.o
    0x08001af8   0x000000c0   Code   RO         4088    i.MX_TIM1_Init      main.o
    0x08001bb8   0x00000060   Code   RO         4089    i.MX_TIM2_Init      main.o
    0x08001c18   0x00000020   Code   RO         2015    i.NVIC_SetPriority  stm32f1xx_hal_cortex.o
    0x08001c38   0x00000044   Code   RO         4090    i.StartDefaultTask  main.o
    0x08001c7c   0x00000016   Code   RO         4404    i.SysTick_Handler   stm32f1xx_it.o
    0x08001c92   0x00000002   PAD
    0x08001c94   0x00000054   Code   RO         4091    i.SystemClock_Config  main.o
    0x08001ce8   0x00000048   Code   RO         5073    i.SystemInit        system_stm32f1xx.o
    0x08001d30   0x00000064   Code   RO         3128    i.TIM_Base_SetConfig  stm32f1xx_hal_tim.o
    0x08001d94   0x00000016   Code   RO         3129    i.TIM_CCxChannelCmd  stm32f1xx_hal_tim.o
    0x08001daa   0x00000002   PAD
    0x08001dac   0x00000050   Code   RO         3137    i.TIM_OC1_SetConfig  stm32f1xx_hal_tim.o
    0x08001dfc   0x00000058   Code   RO         3138    i.TIM_OC2_SetConfig  stm32f1xx_hal_tim.o
    0x08001e54   0x00000058   Code   RO         3139    i.TIM_OC3_SetConfig  stm32f1xx_hal_tim.o
    0x08001eac   0x00000044   Code   RO         3140    i.TIM_OC4_SetConfig  stm32f1xx_hal_tim.o
    0x08001ef0   0x000000e0   Code   RO         2397    i.UART_SetConfig    stm32f1xx_hal_uart.o
    0x08001fd0   0x00000018   Code   RO         4295    i.USER_initialize   user_diskio.o
    0x08001fe8   0x00000004   Code   RO         4296    i.USER_ioctl        user_diskio.o
    0x08001fec   0x00000004   Code   RO         4297    i.USER_read         user_diskio.o
    0x08001ff0   0x00000018   Code   RO         4298    i.USER_status       user_diskio.o
    0x08002008   0x00000004   Code   RO         4299    i.USER_write        user_diskio.o
    0x0800200c   0x0000000e   Code   RO         5164    i.__scatterload_copy  mc_w.l(handlers.o)
    0x0800201a   0x00000002   Code   RO         5165    i.__scatterload_null  mc_w.l(handlers.o)
    0x0800201c   0x0000000e   Code   RO         5166    i.__scatterload_zeroinit  mc_w.l(handlers.o)
    0x0800202a   0x00000002   PAD
    0x0800202c   0x00000108   Code   RO         4092    i.main              main.o
    0x08002134   0x0000000c   Code   RO          329    i.makeFreeRtosPriority  cmsis_os.o
    0x08002140   0x0000000e   Code   RO          330    i.osDelay           cmsis_os.o
    0x0800214e   0x0000000a   Code   RO          333    i.osKernelStart     cmsis_os.o
    0x08002158   0x00000038   Code   RO          361    i.osThreadCreate    cmsis_os.o
    0x08002190   0x00000034   Code   RO          638    i.prvAddCurrentTaskToDelayedList  tasks.o
    0x080021c4   0x00000054   Code   RO          639    i.prvCheckTasksWaitingTermination  tasks.o
    0x08002218   0x0000004c   Code   RO          201    i.prvHeapInit       heap_4.o
    0x08002264   0x00000018   Code   RO          640    i.prvIdleTask       tasks.o
    0x0800227c   0x0000004c   Code   RO          202    i.prvInsertBlockIntoFreeList  heap_4.o
    0x080022c8   0x00000020   Code   RO          642    i.prvResetNextTaskUnblockTime  tasks.o
    0x080022e8   0x00000018   Code   RO          124    i.prvTaskExitError  port.o
    0x08002300   0x000000bc   Code   RO          203    i.pvPortMalloc      heap_4.o
    0x080023bc   0x00000020   Code   RO          125    i.pxPortInitialiseStack  port.o
    0x080023dc   0x00000024   Code   RO          292    i.uxListRemove      list.o
    0x08002400   0x00000016   Code   RO          293    i.vListInitialise   list.o
    0x08002416   0x00000006   Code   RO          294    i.vListInitialiseItem  list.o
    0x0800241c   0x00000030   Code   RO          295    i.vListInsert       list.o
    0x0800244c   0x00000018   Code   RO          296    i.vListInsertEnd    list.o
    0x08002464   0x00000034   Code   RO          127    i.vPortEnterCritical  port.o
    0x08002498   0x00000024   Code   RO          128    i.vPortExitCritical  port.o
    0x080024bc   0x00000048   Code   RO          204    i.vPortFree         heap_4.o
    0x08002504   0x00000020   Code   RO          129    i.vPortSetupTimerInterrupt  port.o
    0x08002524   0x00000018   Code   RO          131    i.vPortYield        port.o
    0x0800253c   0x00000050   Code   RO          650    i.vTaskDelay        tasks.o
    0x0800258c   0x0000004c   Code   RO          661    i.vTaskStartScheduler  tasks.o
    0x080025d8   0x00000010   Code   RO          663    i.vTaskSuspendAll   tasks.o
    0x080025e8   0x00000054   Code   RO          664    i.vTaskSwitchContext  tasks.o
    0x0800263c   0x00000078   Code   RO          132    i.xPortStartScheduler  port.o
    0x080026b4   0x00000024   Code   RO          133    i.xPortSysTickHandler  port.o
    0x080026d8   0x00000184   Code   RO          666    i.xTaskGenericCreate  tasks.o
    0x0800285c   0x0000001c   Code   RO          668    i.xTaskGetSchedulerState  tasks.o
    0x08002878   0x000000c0   Code   RO          671    i.xTaskIncrementTick  tasks.o
    0x08002938   0x000000ac   Code   RO          675    i.xTaskResumeAll    tasks.o
    0x080029e4   0x00000010   Data   RO         1054    .constdata          stm32f1xx_hal_rcc.o
    0x080029f4   0x00000014   Data   RO         4094    .constdata          main.o
    0x08002a08   0x0000000c   Data   RO         4095    .conststring        main.o
    0x08002a14   0x00000020   Data   RO         5162    Region$$Table       anon$$obj.o


    Execution Region RW_IRAM1 (Base: 0x20000000, Size: 0x00000f40, Max: 0x00005000, ABSOLUTE)

    Base Addr    Size         Type   Attr      Idx    E Section Name        Object

    0x20000000   0x0000000c   Data   RW          134    .data               port.o
    0x2000000c   0x00000018   Data   RW          209    .data               heap_4.o
    0x20000024   0x00000038   Data   RW          678    .data               tasks.o
    0x2000005c   0x00000004   Data   RW         1852    .data               stm32f1xx_hal.o
    0x20000060   0x00000001   Data   RW         1969    .data               stm32f1xx_hal_spi_ex.o
    0x20000061   0x00000003   PAD
    0x20000064   0x00000014   Data   RW         4096    .data               main.o
    0x20000078   0x00000001   Data   RW         4300    .data               user_diskio.o
    0x20000079   0x00000003   PAD
    0x2000007c   0x00000014   Data   RW         4301    .data               user_diskio.o
    0x20000090   0x00000014   Data   RW         5074    .data               system_stm32f1xx.o
    0x200000a4   0x000007d0   Zero   RW          208    .bss                heap_4.o
    0x20000874   0x000000f0   Zero   RW          677    .bss                tasks.o
    0x20000964   0x000001cc   Zero   RW         4093    .bss                main.o
    0x20000b30   0x0000000c   Zero   RW         4574    .bss                ff_gen_drv.o
    0x20000b3c   0x00000004   PAD
    0x20000b40   0x00000400   Zero   RW         5062    STACK               startup_stm32f103xb.o


==============================================================================

Image component sizes


      Code (inc. data)   RO Data    RW Data    ZI Data      Debug   Object Name

        92          0          0          0          0       9061   cmsis_os.o
        56          4          0          0         12        794   ff_gen_drv.o
       412         24          0         24       2000       3727   heap_4.o
       136          0          0          0          0       2926   list.o
       968        116         32         20        460     294524   main.o
       518         68          0         12          0       7389   port.o
        36          8        236          0       1024        840   startup_stm32f103xb.o
       120         16          0          4          0       3262   stm32f1xx_hal.o
       694         20          0          0          0       2764   stm32f1xx_hal_adc.o
       172         24          0          0          0      24438   stm32f1xx_hal_cortex.o
        34          0          0          0          0        911   stm32f1xx_hal_crc.o
       480         36          0          0          0       2573   stm32f1xx_hal_gpio.o
       220          8          0          0          0       1951   stm32f1xx_hal_i2c.o
        90          0          0          0          0        976   stm32f1xx_hal_iwdg.o
       626        104          0          0          0       4642   stm32f1xx_hal_msp.o
      1978         80         16          0          0     277282   stm32f1xx_hal_rcc.o
       940         24          0          0          0       2490   stm32f1xx_hal_rcc_ex.o
       136          4          0          1          0       1190   stm32f1xx_hal_spi_ex.o
       754         40          0          0          0       6524   stm32f1xx_hal_tim.o
       146          0          0          0          0       1780   stm32f1xx_hal_tim_ex.o
       318          4          0          0          0       1728   stm32f1xx_hal_uart.o
        22          0          0          0          0        430   stm32f1xx_it.o
        72         16          0         20          0       1201   system_stm32f1xx.o
      1228         90          0         56        240      11582   tasks.o
         0          0          0          0          0      18064   timers.o
        60         12          0         21          0       4504   user_diskio.o

    ----------------------------------------------------------------------
     10328        698        316        164       3740     687553   Object Totals
         0          0         32          0          0          0   (incl. Generated)
        20          0          0          6          4          0   (incl. Padding)

    ----------------------------------------------------------------------

      Code (inc. data)   RO Data    RW Data    ZI Data      Debug   Library Member Name

         0          0          0          0          0          0   entry.o
         0          0          0          0          0          0   entry10a.o
         0          0          0          0          0          0   entry11a.o
         8          4          0          0          0          0   entry2.o
         4          0          0          0          0          0   entry5.o
         0          0          0          0          0          0   entry7b.o
         0          0          0          0          0          0   entry8b.o
         8          4          0          0          0          0   entry9a.o
        30          0          0          0          0          0   handlers.o
        36          8          0          0          0         68   init.o
        36          0          0          0          0         68   memcpya.o
        36          0          0          0          0        108   memseta.o

    ----------------------------------------------------------------------
       160         16          0          0          0        244   Library Totals
         2          0          0          0          0          0   (incl. Padding)

    ----------------------------------------------------------------------

      Code (inc. data)   RO Data    RW Data    ZI Data      Debug   Library Name

       158         16          0          0          0        244   mc_w.l

    ----------------------------------------------------------------------
       160         16          0          0          0        244   Library Totals

    ----------------------------------------------------------------------

==============================================================================


      Code (inc. data)   RO Data    RW Data    ZI Data      Debug   

     10488        714        316        164       3740     683013   Grand Totals
     10488        714        316        164       3740     683013   ELF Image Totals
     10488        714        316        164          0          0   ROM Totals

==============================================================================

    Total RO  Size (Code + RO Data)                10804 (  10.55kB)
    Total RW  Size (RW Data + ZI Data)              3904 (   3.81kB)
    Total ROM Size (Code + RO Data + RW Data)      10968 (  10.71kB)

==============================================================================

